Archive member included to satisfy reference by file (symbol)

/opt/truestudio/ARMTools/bin/../lib/gcc/arm-atollic-eabi/6.3.1/../../../../arm-atollic-eabi/lib/armv7e-m/fpu/libc_nano.a(lib_a-errno.o)
                              Src/syscalls.o (__errno)
/opt/truestudio/ARMTools/bin/../lib/gcc/arm-atollic-eabi/6.3.1/../../../../arm-atollic-eabi/lib/armv7e-m/fpu/libc_nano.a(lib_a-impure.o)
                              /opt/truestudio/ARMTools/bin/../lib/gcc/arm-atollic-eabi/6.3.1/../../../../arm-atollic-eabi/lib/armv7e-m/fpu/libc_nano.a(lib_a-errno.o) (_impure_ptr)
/opt/truestudio/ARMTools/bin/../lib/gcc/arm-atollic-eabi/6.3.1/../../../../arm-atollic-eabi/lib/armv7e-m/fpu/libc_nano.a(lib_a-init.o)
                              startup/startup_stm32f334x8.o (__libc_init_array)
/opt/truestudio/ARMTools/bin/../lib/gcc/arm-atollic-eabi/6.3.1/../../../../arm-atollic-eabi/lib/armv7e-m/fpu/libc_nano.a(lib_a-memset.o)
                              Src/main.o (memset)
/opt/truestudio/ARMTools/bin/../lib/gcc/arm-atollic-eabi/6.3.1/armv7e-m/fpu/libgcc.a(_lshrdi3.o)
                              Drivers/STM32F3xx_HAL_Driver/Src/stm32f3xx_hal_flash.o (__aeabi_llsr)

Allocating common symbols
Common symbol       size              file

rhi                 0x1               Src/main.o
uwTick              0x4               Drivers/STM32F3xx_HAL_Driver/Src/stm32f3xx_hal.o
pFlash              0x20              Drivers/STM32F3xx_HAL_Driver/Src/stm32f3xx_hal_flash.o
rhd                 0x1               Src/main.o
data                0x5               Src/main.o
GPIO_InitStruct     0x14              Src/main.o
chksum              0x1               Src/main.o
huart2              0x70              Src/main.o
ti                  0x1               Src/main.o
td                  0x1               Src/main.o

Discarded input sections

 .text          0x0000000000000000        0x0 /opt/truestudio/ARMTools/bin/../lib/gcc/arm-atollic-eabi/6.3.1/armv7e-m/fpu/crti.o
 .data          0x0000000000000000        0x0 /opt/truestudio/ARMTools/bin/../lib/gcc/arm-atollic-eabi/6.3.1/armv7e-m/fpu/crti.o
 .bss           0x0000000000000000        0x0 /opt/truestudio/ARMTools/bin/../lib/gcc/arm-atollic-eabi/6.3.1/armv7e-m/fpu/crti.o
 .data          0x0000000000000000        0x4 /opt/truestudio/ARMTools/bin/../lib/gcc/arm-atollic-eabi/6.3.1/armv7e-m/fpu/crtbegin.o
 .text          0x0000000000000000        0x0 Drivers/STM32F3xx_HAL_Driver/Src/stm32f3xx_hal.o
 .data          0x0000000000000000        0x0 Drivers/STM32F3xx_HAL_Driver/Src/stm32f3xx_hal.o
 .bss           0x0000000000000000        0x0 Drivers/STM32F3xx_HAL_Driver/Src/stm32f3xx_hal.o
 .text.HAL_MspInit
                0x0000000000000000        0x2 Drivers/STM32F3xx_HAL_Driver/Src/stm32f3xx_hal.o
 .text.HAL_MspDeInit
                0x0000000000000000        0x2 Drivers/STM32F3xx_HAL_Driver/Src/stm32f3xx_hal.o
 .text.HAL_DeInit
                0x0000000000000000       0x24 Drivers/STM32F3xx_HAL_Driver/Src/stm32f3xx_hal.o
 .text.HAL_GetTickPrio
                0x0000000000000000        0xc Drivers/STM32F3xx_HAL_Driver/Src/stm32f3xx_hal.o
 .text.HAL_SetTickFreq
                0x0000000000000000       0x24 Drivers/STM32F3xx_HAL_Driver/Src/stm32f3xx_hal.o
 .text.HAL_GetTickFreq
                0x0000000000000000        0xc Drivers/STM32F3xx_HAL_Driver/Src/stm32f3xx_hal.o
 .text.HAL_SuspendTick
                0x0000000000000000       0x10 Drivers/STM32F3xx_HAL_Driver/Src/stm32f3xx_hal.o
 .text.HAL_ResumeTick
                0x0000000000000000       0x10 Drivers/STM32F3xx_HAL_Driver/Src/stm32f3xx_hal.o
 .text.HAL_GetHalVersion
                0x0000000000000000        0x8 Drivers/STM32F3xx_HAL_Driver/Src/stm32f3xx_hal.o
 .text.HAL_GetREVID
                0x0000000000000000        0xc Drivers/STM32F3xx_HAL_Driver/Src/stm32f3xx_hal.o
 .text.HAL_GetDEVID
                0x0000000000000000       0x10 Drivers/STM32F3xx_HAL_Driver/Src/stm32f3xx_hal.o
 .text.HAL_GetUIDw0
                0x0000000000000000        0xc Drivers/STM32F3xx_HAL_Driver/Src/stm32f3xx_hal.o
 .text.HAL_GetUIDw1
                0x0000000000000000        0xc Drivers/STM32F3xx_HAL_Driver/Src/stm32f3xx_hal.o
 .text.HAL_GetUIDw2
                0x0000000000000000        0xc Drivers/STM32F3xx_HAL_Driver/Src/stm32f3xx_hal.o
 .text.HAL_DBGMCU_EnableDBGSleepMode
                0x0000000000000000       0x10 Drivers/STM32F3xx_HAL_Driver/Src/stm32f3xx_hal.o
 .text.HAL_DBGMCU_DisableDBGSleepMode
                0x0000000000000000       0x10 Drivers/STM32F3xx_HAL_Driver/Src/stm32f3xx_hal.o
 .text.HAL_DBGMCU_EnableDBGStopMode
                0x0000000000000000       0x10 Drivers/STM32F3xx_HAL_Driver/Src/stm32f3xx_hal.o
 .text.HAL_DBGMCU_DisableDBGStopMode
                0x0000000000000000       0x10 Drivers/STM32F3xx_HAL_Driver/Src/stm32f3xx_hal.o
 .text.HAL_DBGMCU_EnableDBGStandbyMode
                0x0000000000000000       0x10 Drivers/STM32F3xx_HAL_Driver/Src/stm32f3xx_hal.o
 .text.HAL_DBGMCU_DisableDBGStandbyMode
                0x0000000000000000       0x10 Drivers/STM32F3xx_HAL_Driver/Src/stm32f3xx_hal.o
 .text          0x0000000000000000        0x0 Drivers/STM32F3xx_HAL_Driver/Src/stm32f3xx_hal_cortex.o
 .data          0x0000000000000000        0x0 Drivers/STM32F3xx_HAL_Driver/Src/stm32f3xx_hal_cortex.o
 .bss           0x0000000000000000        0x0 Drivers/STM32F3xx_HAL_Driver/Src/stm32f3xx_hal_cortex.o
 .text.HAL_NVIC_EnableIRQ
                0x0000000000000000       0x18 Drivers/STM32F3xx_HAL_Driver/Src/stm32f3xx_hal_cortex.o
 .text.HAL_NVIC_DisableIRQ
                0x0000000000000000       0x1c Drivers/STM32F3xx_HAL_Driver/Src/stm32f3xx_hal_cortex.o
 .text.HAL_NVIC_SystemReset
                0x0000000000000000       0x24 Drivers/STM32F3xx_HAL_Driver/Src/stm32f3xx_hal_cortex.o
 .text.HAL_NVIC_GetPriorityGrouping
                0x0000000000000000       0x10 Drivers/STM32F3xx_HAL_Driver/Src/stm32f3xx_hal_cortex.o
 .text.HAL_NVIC_GetPriority
                0x0000000000000000       0x58 Drivers/STM32F3xx_HAL_Driver/Src/stm32f3xx_hal_cortex.o
 .text.HAL_NVIC_SetPendingIRQ
                0x0000000000000000       0x1c Drivers/STM32F3xx_HAL_Driver/Src/stm32f3xx_hal_cortex.o
 .text.HAL_NVIC_GetPendingIRQ
                0x0000000000000000       0x1c Drivers/STM32F3xx_HAL_Driver/Src/stm32f3xx_hal_cortex.o
 .text.HAL_NVIC_ClearPendingIRQ
                0x0000000000000000       0x1c Drivers/STM32F3xx_HAL_Driver/Src/stm32f3xx_hal_cortex.o
 .text.HAL_NVIC_GetActive
                0x0000000000000000       0x1c Drivers/STM32F3xx_HAL_Driver/Src/stm32f3xx_hal_cortex.o
 .text.HAL_SYSTICK_CLKSourceConfig
                0x0000000000000000       0x18 Drivers/STM32F3xx_HAL_Driver/Src/stm32f3xx_hal_cortex.o
 .text.HAL_SYSTICK_Callback
                0x0000000000000000        0x2 Drivers/STM32F3xx_HAL_Driver/Src/stm32f3xx_hal_cortex.o
 .text.HAL_SYSTICK_IRQHandler
                0x0000000000000000        0x8 Drivers/STM32F3xx_HAL_Driver/Src/stm32f3xx_hal_cortex.o
 .text          0x0000000000000000        0x0 Drivers/STM32F3xx_HAL_Driver/Src/stm32f3xx_hal_dma.o
 .data          0x0000000000000000        0x0 Drivers/STM32F3xx_HAL_Driver/Src/stm32f3xx_hal_dma.o
 .bss           0x0000000000000000        0x0 Drivers/STM32F3xx_HAL_Driver/Src/stm32f3xx_hal_dma.o
 .text.HAL_DMA_Init
                0x0000000000000000       0x60 Drivers/STM32F3xx_HAL_Driver/Src/stm32f3xx_hal_dma.o
 .text.HAL_DMA_DeInit
                0x0000000000000000       0x54 Drivers/STM32F3xx_HAL_Driver/Src/stm32f3xx_hal_dma.o
 .text.HAL_DMA_Start
                0x0000000000000000       0x5c Drivers/STM32F3xx_HAL_Driver/Src/stm32f3xx_hal_dma.o
 .text.HAL_DMA_Start_IT
                0x0000000000000000       0x7a Drivers/STM32F3xx_HAL_Driver/Src/stm32f3xx_hal_dma.o
 .text.HAL_DMA_Abort
                0x0000000000000000       0x2c Drivers/STM32F3xx_HAL_Driver/Src/stm32f3xx_hal_dma.o
 .text.HAL_DMA_Abort_IT
                0x0000000000000000       0x48 Drivers/STM32F3xx_HAL_Driver/Src/stm32f3xx_hal_dma.o
 .text.HAL_DMA_PollForTransfer
                0x0000000000000000       0xc2 Drivers/STM32F3xx_HAL_Driver/Src/stm32f3xx_hal_dma.o
 .text.HAL_DMA_IRQHandler
                0x0000000000000000       0x90 Drivers/STM32F3xx_HAL_Driver/Src/stm32f3xx_hal_dma.o
 .text.HAL_DMA_RegisterCallback
                0x0000000000000000       0x46 Drivers/STM32F3xx_HAL_Driver/Src/stm32f3xx_hal_dma.o
 .text.HAL_DMA_UnRegisterCallback
                0x0000000000000000       0x4e Drivers/STM32F3xx_HAL_Driver/Src/stm32f3xx_hal_dma.o
 .text.HAL_DMA_GetState
                0x0000000000000000        0x6 Drivers/STM32F3xx_HAL_Driver/Src/stm32f3xx_hal_dma.o
 .text.HAL_DMA_GetError
                0x0000000000000000        0x4 Drivers/STM32F3xx_HAL_Driver/Src/stm32f3xx_hal_dma.o
 .debug_info    0x0000000000000000     0x1094 Drivers/STM32F3xx_HAL_Driver/Src/stm32f3xx_hal_dma.o
 .debug_abbrev  0x0000000000000000      0x2ad Drivers/STM32F3xx_HAL_Driver/Src/stm32f3xx_hal_dma.o
 .debug_loc     0x0000000000000000      0x5de Drivers/STM32F3xx_HAL_Driver/Src/stm32f3xx_hal_dma.o
 .debug_aranges
                0x0000000000000000       0x78 Drivers/STM32F3xx_HAL_Driver/Src/stm32f3xx_hal_dma.o
 .debug_ranges  0x0000000000000000       0xd8 Drivers/STM32F3xx_HAL_Driver/Src/stm32f3xx_hal_dma.o
 .debug_line    0x0000000000000000      0x500 Drivers/STM32F3xx_HAL_Driver/Src/stm32f3xx_hal_dma.o
 .debug_str     0x0000000000000000      0xb46 Drivers/STM32F3xx_HAL_Driver/Src/stm32f3xx_hal_dma.o
 .comment       0x0000000000000000       0x7d Drivers/STM32F3xx_HAL_Driver/Src/stm32f3xx_hal_dma.o
 .debug_frame   0x0000000000000000      0x13c Drivers/STM32F3xx_HAL_Driver/Src/stm32f3xx_hal_dma.o
 .ARM.attributes
                0x0000000000000000       0x39 Drivers/STM32F3xx_HAL_Driver/Src/stm32f3xx_hal_dma.o
 .text          0x0000000000000000        0x0 Drivers/STM32F3xx_HAL_Driver/Src/stm32f3xx_hal_flash.o
 .data          0x0000000000000000        0x0 Drivers/STM32F3xx_HAL_Driver/Src/stm32f3xx_hal_flash.o
 .bss           0x0000000000000000        0x0 Drivers/STM32F3xx_HAL_Driver/Src/stm32f3xx_hal_flash.o
 .text.FLASH_SetErrorCode
                0x0000000000000000       0x38 Drivers/STM32F3xx_HAL_Driver/Src/stm32f3xx_hal_flash.o
 .text.HAL_FLASH_Program_IT
                0x0000000000000000       0x5c Drivers/STM32F3xx_HAL_Driver/Src/stm32f3xx_hal_flash.o
 .text.HAL_FLASH_EndOfOperationCallback
                0x0000000000000000        0x2 Drivers/STM32F3xx_HAL_Driver/Src/stm32f3xx_hal_flash.o
 .text.HAL_FLASH_OperationErrorCallback
                0x0000000000000000        0x2 Drivers/STM32F3xx_HAL_Driver/Src/stm32f3xx_hal_flash.o
 .text.HAL_FLASH_IRQHandler
                0x0000000000000000      0x114 Drivers/STM32F3xx_HAL_Driver/Src/stm32f3xx_hal_flash.o
 .text.HAL_FLASH_Unlock
                0x0000000000000000       0x24 Drivers/STM32F3xx_HAL_Driver/Src/stm32f3xx_hal_flash.o
 .text.HAL_FLASH_Lock
                0x0000000000000000       0x14 Drivers/STM32F3xx_HAL_Driver/Src/stm32f3xx_hal_flash.o
 .text.HAL_FLASH_OB_Unlock
                0x0000000000000000       0x24 Drivers/STM32F3xx_HAL_Driver/Src/stm32f3xx_hal_flash.o
 .text.HAL_FLASH_OB_Lock
                0x0000000000000000       0x14 Drivers/STM32F3xx_HAL_Driver/Src/stm32f3xx_hal_flash.o
 .text.HAL_FLASH_GetError
                0x0000000000000000        0xc Drivers/STM32F3xx_HAL_Driver/Src/stm32f3xx_hal_flash.o
 .text.FLASH_WaitForLastOperation
                0x0000000000000000       0x50 Drivers/STM32F3xx_HAL_Driver/Src/stm32f3xx_hal_flash.o
 .text.HAL_FLASH_Program
                0x0000000000000000       0x8c Drivers/STM32F3xx_HAL_Driver/Src/stm32f3xx_hal_flash.o
 .text.HAL_FLASH_OB_Launch
                0x0000000000000000       0x18 Drivers/STM32F3xx_HAL_Driver/Src/stm32f3xx_hal_flash.o
 .debug_info    0x0000000000000000      0xeee Drivers/STM32F3xx_HAL_Driver/Src/stm32f3xx_hal_flash.o
 .debug_abbrev  0x0000000000000000      0x373 Drivers/STM32F3xx_HAL_Driver/Src/stm32f3xx_hal_flash.o
 .debug_loc     0x0000000000000000      0x334 Drivers/STM32F3xx_HAL_Driver/Src/stm32f3xx_hal_flash.o
 .debug_aranges
                0x0000000000000000       0x78 Drivers/STM32F3xx_HAL_Driver/Src/stm32f3xx_hal_flash.o
 .debug_ranges  0x0000000000000000       0xb8 Drivers/STM32F3xx_HAL_Driver/Src/stm32f3xx_hal_flash.o
 .debug_line    0x0000000000000000      0x440 Drivers/STM32F3xx_HAL_Driver/Src/stm32f3xx_hal_flash.o
 .debug_str     0x0000000000000000      0xa39 Drivers/STM32F3xx_HAL_Driver/Src/stm32f3xx_hal_flash.o
 .comment       0x0000000000000000       0x7d Drivers/STM32F3xx_HAL_Driver/Src/stm32f3xx_hal_flash.o
 .debug_frame   0x0000000000000000      0x120 Drivers/STM32F3xx_HAL_Driver/Src/stm32f3xx_hal_flash.o
 .ARM.attributes
                0x0000000000000000       0x39 Drivers/STM32F3xx_HAL_Driver/Src/stm32f3xx_hal_flash.o
 COMMON         0x0000000000000000       0x20 Drivers/STM32F3xx_HAL_Driver/Src/stm32f3xx_hal_flash.o
 .text          0x0000000000000000        0x0 Drivers/STM32F3xx_HAL_Driver/Src/stm32f3xx_hal_flash_ex.o
 .data          0x0000000000000000        0x0 Drivers/STM32F3xx_HAL_Driver/Src/stm32f3xx_hal_flash_ex.o
 .bss           0x0000000000000000        0x0 Drivers/STM32F3xx_HAL_Driver/Src/stm32f3xx_hal_flash_ex.o
 .text.FLASH_MassErase
                0x0000000000000000       0x24 Drivers/STM32F3xx_HAL_Driver/Src/stm32f3xx_hal_flash_ex.o
 .text.FLASH_OB_RDP_LevelConfig
                0x0000000000000000       0x64 Drivers/STM32F3xx_HAL_Driver/Src/stm32f3xx_hal_flash_ex.o
 .text.HAL_FLASHEx_OBErase
                0x0000000000000000       0x60 Drivers/STM32F3xx_HAL_Driver/Src/stm32f3xx_hal_flash_ex.o
 .text.HAL_FLASHEx_OBProgram
                0x0000000000000000      0x17c Drivers/STM32F3xx_HAL_Driver/Src/stm32f3xx_hal_flash_ex.o
 .text.HAL_FLASHEx_OBGetConfig
                0x0000000000000000       0x40 Drivers/STM32F3xx_HAL_Driver/Src/stm32f3xx_hal_flash_ex.o
 .text.HAL_FLASHEx_OBGetUserData
                0x0000000000000000       0x38 Drivers/STM32F3xx_HAL_Driver/Src/stm32f3xx_hal_flash_ex.o
 .text.FLASH_PageErase
                0x0000000000000000       0x24 Drivers/STM32F3xx_HAL_Driver/Src/stm32f3xx_hal_flash_ex.o
 .text.HAL_FLASHEx_Erase
                0x0000000000000000       0x9c Drivers/STM32F3xx_HAL_Driver/Src/stm32f3xx_hal_flash_ex.o
 .text.HAL_FLASHEx_Erase_IT
                0x0000000000000000       0x54 Drivers/STM32F3xx_HAL_Driver/Src/stm32f3xx_hal_flash_ex.o
 .debug_info    0x0000000000000000     0x134e Drivers/STM32F3xx_HAL_Driver/Src/stm32f3xx_hal_flash_ex.o
 .debug_abbrev  0x0000000000000000      0x359 Drivers/STM32F3xx_HAL_Driver/Src/stm32f3xx_hal_flash_ex.o
 .debug_loc     0x0000000000000000      0x64c Drivers/STM32F3xx_HAL_Driver/Src/stm32f3xx_hal_flash_ex.o
 .debug_aranges
                0x0000000000000000       0x60 Drivers/STM32F3xx_HAL_Driver/Src/stm32f3xx_hal_flash_ex.o
 .debug_ranges  0x0000000000000000      0x100 Drivers/STM32F3xx_HAL_Driver/Src/stm32f3xx_hal_flash_ex.o
 .debug_line    0x0000000000000000      0x4be Drivers/STM32F3xx_HAL_Driver/Src/stm32f3xx_hal_flash_ex.o
 .debug_str     0x0000000000000000      0xb55 Drivers/STM32F3xx_HAL_Driver/Src/stm32f3xx_hal_flash_ex.o
 .comment       0x0000000000000000       0x7d Drivers/STM32F3xx_HAL_Driver/Src/stm32f3xx_hal_flash_ex.o
 .debug_frame   0x0000000000000000       0xf0 Drivers/STM32F3xx_HAL_Driver/Src/stm32f3xx_hal_flash_ex.o
 .ARM.attributes
                0x0000000000000000       0x39 Drivers/STM32F3xx_HAL_Driver/Src/stm32f3xx_hal_flash_ex.o
 .text          0x0000000000000000        0x0 Drivers/STM32F3xx_HAL_Driver/Src/stm32f3xx_hal_gpio.o
 .data          0x0000000000000000        0x0 Drivers/STM32F3xx_HAL_Driver/Src/stm32f3xx_hal_gpio.o
 .bss           0x0000000000000000        0x0 Drivers/STM32F3xx_HAL_Driver/Src/stm32f3xx_hal_gpio.o
 .text.HAL_GPIO_DeInit
                0x0000000000000000       0xe4 Drivers/STM32F3xx_HAL_Driver/Src/stm32f3xx_hal_gpio.o
 .text.HAL_GPIO_TogglePin
                0x0000000000000000        0x8 Drivers/STM32F3xx_HAL_Driver/Src/stm32f3xx_hal_gpio.o
 .text.HAL_GPIO_LockPin
                0x0000000000000000       0x2a Drivers/STM32F3xx_HAL_Driver/Src/stm32f3xx_hal_gpio.o
 .text.HAL_GPIO_EXTI_Callback
                0x0000000000000000        0x2 Drivers/STM32F3xx_HAL_Driver/Src/stm32f3xx_hal_gpio.o
 .text.HAL_GPIO_EXTI_IRQHandler
                0x0000000000000000       0x18 Drivers/STM32F3xx_HAL_Driver/Src/stm32f3xx_hal_gpio.o
 .text          0x0000000000000000        0x0 Drivers/STM32F3xx_HAL_Driver/Src/stm32f3xx_hal_i2c.o
 .data          0x0000000000000000        0x0 Drivers/STM32F3xx_HAL_Driver/Src/stm32f3xx_hal_i2c.o
 .bss           0x0000000000000000        0x0 Drivers/STM32F3xx_HAL_Driver/Src/stm32f3xx_hal_i2c.o
 .text.I2C_Flush_TXDR
                0x0000000000000000       0x1c Drivers/STM32F3xx_HAL_Driver/Src/stm32f3xx_hal_i2c.o
 .text.I2C_DMASlaveReceiveCplt
                0x0000000000000000        0x2 Drivers/STM32F3xx_HAL_Driver/Src/stm32f3xx_hal_i2c.o
 .text.I2C_TransferConfig
                0x0000000000000000       0x34 Drivers/STM32F3xx_HAL_Driver/Src/stm32f3xx_hal_i2c.o
 .text.I2C_Enable_IRQ
                0x0000000000000000       0x6c Drivers/STM32F3xx_HAL_Driver/Src/stm32f3xx_hal_i2c.o
 .text.I2C_Disable_IRQ
                0x0000000000000000       0x5c Drivers/STM32F3xx_HAL_Driver/Src/stm32f3xx_hal_i2c.o
 .text.I2C_WaitOnFlagUntilTimeout
                0x0000000000000000       0x4e Drivers/STM32F3xx_HAL_Driver/Src/stm32f3xx_hal_i2c.o
 .text.I2C_DMAMasterTransmitCplt
                0x0000000000000000       0x42 Drivers/STM32F3xx_HAL_Driver/Src/stm32f3xx_hal_i2c.o
 .text.I2C_DMAMasterReceiveCplt
                0x0000000000000000       0x42 Drivers/STM32F3xx_HAL_Driver/Src/stm32f3xx_hal_i2c.o
 .text.I2C_IsAcknowledgeFailed
                0x0000000000000000       0x7a Drivers/STM32F3xx_HAL_Driver/Src/stm32f3xx_hal_i2c.o
 .text.I2C_WaitOnRXNEFlagUntilTimeout
                0x0000000000000000       0x84 Drivers/STM32F3xx_HAL_Driver/Src/stm32f3xx_hal_i2c.o
 .text.I2C_WaitOnTXISFlagUntilTimeout
                0x0000000000000000       0x52 Drivers/STM32F3xx_HAL_Driver/Src/stm32f3xx_hal_i2c.o
 .text.I2C_RequestMemoryWrite
                0x0000000000000000       0x6c Drivers/STM32F3xx_HAL_Driver/Src/stm32f3xx_hal_i2c.o
 .text.I2C_RequestMemoryRead
                0x0000000000000000       0x68 Drivers/STM32F3xx_HAL_Driver/Src/stm32f3xx_hal_i2c.o
 .text.I2C_DMASlaveTransmitCplt
                0x0000000000000000        0x2 Drivers/STM32F3xx_HAL_Driver/Src/stm32f3xx_hal_i2c.o
 .text.I2C_WaitOnSTOPFlagUntilTimeout
                0x0000000000000000       0x4e Drivers/STM32F3xx_HAL_Driver/Src/stm32f3xx_hal_i2c.o
 .text.HAL_I2C_MspInit
                0x0000000000000000        0x2 Drivers/STM32F3xx_HAL_Driver/Src/stm32f3xx_hal_i2c.o
 .text.HAL_I2C_Init
                0x0000000000000000       0xa2 Drivers/STM32F3xx_HAL_Driver/Src/stm32f3xx_hal_i2c.o
 .text.HAL_I2C_MspDeInit
                0x0000000000000000        0x2 Drivers/STM32F3xx_HAL_Driver/Src/stm32f3xx_hal_i2c.o
 .text.HAL_I2C_DeInit
                0x0000000000000000       0x32 Drivers/STM32F3xx_HAL_Driver/Src/stm32f3xx_hal_i2c.o
 .text.HAL_I2C_Master_Transmit
                0x0000000000000000      0x130 Drivers/STM32F3xx_HAL_Driver/Src/stm32f3xx_hal_i2c.o
 .text.HAL_I2C_Master_Receive
                0x0000000000000000      0x130 Drivers/STM32F3xx_HAL_Driver/Src/stm32f3xx_hal_i2c.o
 .text.HAL_I2C_Slave_Transmit
                0x0000000000000000      0x13c Drivers/STM32F3xx_HAL_Driver/Src/stm32f3xx_hal_i2c.o
 .text.HAL_I2C_Slave_Receive
                0x0000000000000000      0x13a Drivers/STM32F3xx_HAL_Driver/Src/stm32f3xx_hal_i2c.o
 .text.HAL_I2C_Master_Transmit_IT
                0x0000000000000000       0x8c Drivers/STM32F3xx_HAL_Driver/Src/stm32f3xx_hal_i2c.o
 .text.HAL_I2C_Master_Receive_IT
                0x0000000000000000       0x8c Drivers/STM32F3xx_HAL_Driver/Src/stm32f3xx_hal_i2c.o
 .text.HAL_I2C_Slave_Transmit_IT
                0x0000000000000000       0x58 Drivers/STM32F3xx_HAL_Driver/Src/stm32f3xx_hal_i2c.o
 .text.HAL_I2C_Slave_Receive_IT
                0x0000000000000000       0x58 Drivers/STM32F3xx_HAL_Driver/Src/stm32f3xx_hal_i2c.o
 .text.HAL_I2C_Master_Transmit_DMA
                0x0000000000000000       0xf8 Drivers/STM32F3xx_HAL_Driver/Src/stm32f3xx_hal_i2c.o
 .text.HAL_I2C_Master_Receive_DMA
                0x0000000000000000       0xf4 Drivers/STM32F3xx_HAL_Driver/Src/stm32f3xx_hal_i2c.o
 .text.HAL_I2C_Slave_Transmit_DMA
                0x0000000000000000       0x98 Drivers/STM32F3xx_HAL_Driver/Src/stm32f3xx_hal_i2c.o
 .text.HAL_I2C_Slave_Receive_DMA
                0x0000000000000000       0x9c Drivers/STM32F3xx_HAL_Driver/Src/stm32f3xx_hal_i2c.o
 .text.HAL_I2C_Mem_Write
                0x0000000000000000      0x170 Drivers/STM32F3xx_HAL_Driver/Src/stm32f3xx_hal_i2c.o
 .text.HAL_I2C_Mem_Read
                0x0000000000000000      0x17c Drivers/STM32F3xx_HAL_Driver/Src/stm32f3xx_hal_i2c.o
 .text.HAL_I2C_Mem_Write_IT
                0x0000000000000000       0xd8 Drivers/STM32F3xx_HAL_Driver/Src/stm32f3xx_hal_i2c.o
 .text.HAL_I2C_Mem_Read_IT
                0x0000000000000000       0xdc Drivers/STM32F3xx_HAL_Driver/Src/stm32f3xx_hal_i2c.o
 .text.HAL_I2C_Mem_Write_DMA
                0x0000000000000000      0x10c Drivers/STM32F3xx_HAL_Driver/Src/stm32f3xx_hal_i2c.o
 .text.HAL_I2C_Mem_Read_DMA
                0x0000000000000000      0x110 Drivers/STM32F3xx_HAL_Driver/Src/stm32f3xx_hal_i2c.o
 .text.HAL_I2C_IsDeviceReady
                0x0000000000000000      0x114 Drivers/STM32F3xx_HAL_Driver/Src/stm32f3xx_hal_i2c.o
 .text.HAL_I2C_Master_Sequential_Transmit_IT
                0x0000000000000000       0x84 Drivers/STM32F3xx_HAL_Driver/Src/stm32f3xx_hal_i2c.o
 .text.HAL_I2C_Master_Sequential_Receive_IT
                0x0000000000000000       0x84 Drivers/STM32F3xx_HAL_Driver/Src/stm32f3xx_hal_i2c.o
 .text.HAL_I2C_Slave_Sequential_Transmit_IT
                0x0000000000000000       0x90 Drivers/STM32F3xx_HAL_Driver/Src/stm32f3xx_hal_i2c.o
 .text.HAL_I2C_Slave_Sequential_Receive_IT
                0x0000000000000000       0x90 Drivers/STM32F3xx_HAL_Driver/Src/stm32f3xx_hal_i2c.o
 .text.HAL_I2C_EnableListen_IT
                0x0000000000000000       0x28 Drivers/STM32F3xx_HAL_Driver/Src/stm32f3xx_hal_i2c.o
 .text.HAL_I2C_DisableListen_IT
                0x0000000000000000       0x36 Drivers/STM32F3xx_HAL_Driver/Src/stm32f3xx_hal_i2c.o
 .text.HAL_I2C_Master_Abort_IT
                0x0000000000000000       0x64 Drivers/STM32F3xx_HAL_Driver/Src/stm32f3xx_hal_i2c.o
 .text.HAL_I2C_EV_IRQHandler
                0x0000000000000000        0xe Drivers/STM32F3xx_HAL_Driver/Src/stm32f3xx_hal_i2c.o
 .text.HAL_I2C_MasterTxCpltCallback
                0x0000000000000000        0x2 Drivers/STM32F3xx_HAL_Driver/Src/stm32f3xx_hal_i2c.o
 .text.HAL_I2C_MasterRxCpltCallback
                0x0000000000000000        0x2 Drivers/STM32F3xx_HAL_Driver/Src/stm32f3xx_hal_i2c.o
 .text.I2C_ITMasterSequentialCplt
                0x0000000000000000       0x4a Drivers/STM32F3xx_HAL_Driver/Src/stm32f3xx_hal_i2c.o
 .text.HAL_I2C_SlaveTxCpltCallback
                0x0000000000000000        0x2 Drivers/STM32F3xx_HAL_Driver/Src/stm32f3xx_hal_i2c.o
 .text.HAL_I2C_SlaveRxCpltCallback
                0x0000000000000000        0x2 Drivers/STM32F3xx_HAL_Driver/Src/stm32f3xx_hal_i2c.o
 .text.I2C_ITSlaveSequentialCplt
                0x0000000000000000       0x52 Drivers/STM32F3xx_HAL_Driver/Src/stm32f3xx_hal_i2c.o
 .text.HAL_I2C_AddrCallback
                0x0000000000000000        0x2 Drivers/STM32F3xx_HAL_Driver/Src/stm32f3xx_hal_i2c.o
 .text.HAL_I2C_ListenCpltCallback
                0x0000000000000000        0x2 Drivers/STM32F3xx_HAL_Driver/Src/stm32f3xx_hal_i2c.o
 .text.I2C_ITListenCplt
                0x0000000000000000       0x60 Drivers/STM32F3xx_HAL_Driver/Src/stm32f3xx_hal_i2c.o
 .text.HAL_I2C_MemTxCpltCallback
                0x0000000000000000        0x2 Drivers/STM32F3xx_HAL_Driver/Src/stm32f3xx_hal_i2c.o
 .text.HAL_I2C_MemRxCpltCallback
                0x0000000000000000        0x2 Drivers/STM32F3xx_HAL_Driver/Src/stm32f3xx_hal_i2c.o
 .text.HAL_I2C_ErrorCallback
                0x0000000000000000        0x2 Drivers/STM32F3xx_HAL_Driver/Src/stm32f3xx_hal_i2c.o
 .text.HAL_I2C_AbortCpltCallback
                0x0000000000000000        0x2 Drivers/STM32F3xx_HAL_Driver/Src/stm32f3xx_hal_i2c.o
 .text.I2C_ITError
                0x0000000000000000       0xe4 Drivers/STM32F3xx_HAL_Driver/Src/stm32f3xx_hal_i2c.o
 .text.I2C_ITSlaveCplt
                0x0000000000000000      0x100 Drivers/STM32F3xx_HAL_Driver/Src/stm32f3xx_hal_i2c.o
 .text.I2C_Slave_ISR_IT
                0x0000000000000000      0x1b0 Drivers/STM32F3xx_HAL_Driver/Src/stm32f3xx_hal_i2c.o
 .text.I2C_Slave_ISR_DMA
                0x0000000000000000       0x6e Drivers/STM32F3xx_HAL_Driver/Src/stm32f3xx_hal_i2c.o
 .text.I2C_ITMasterCplt
                0x0000000000000000       0xb8 Drivers/STM32F3xx_HAL_Driver/Src/stm32f3xx_hal_i2c.o
 .text.I2C_Master_ISR_IT
                0x0000000000000000      0x11e Drivers/STM32F3xx_HAL_Driver/Src/stm32f3xx_hal_i2c.o
 .text.I2C_Master_ISR_DMA
                0x0000000000000000       0xc6 Drivers/STM32F3xx_HAL_Driver/Src/stm32f3xx_hal_i2c.o
 .text.I2C_DMAError
                0x0000000000000000       0x12 Drivers/STM32F3xx_HAL_Driver/Src/stm32f3xx_hal_i2c.o
 .text.HAL_I2C_ER_IRQHandler
                0x0000000000000000       0x62 Drivers/STM32F3xx_HAL_Driver/Src/stm32f3xx_hal_i2c.o
 .text.I2C_DMAAbort
                0x0000000000000000       0x32 Drivers/STM32F3xx_HAL_Driver/Src/stm32f3xx_hal_i2c.o
 .text.HAL_I2C_GetState
                0x0000000000000000        0x6 Drivers/STM32F3xx_HAL_Driver/Src/stm32f3xx_hal_i2c.o
 .text.HAL_I2C_GetMode
                0x0000000000000000        0x6 Drivers/STM32F3xx_HAL_Driver/Src/stm32f3xx_hal_i2c.o
 .text.HAL_I2C_GetError
                0x0000000000000000        0x4 Drivers/STM32F3xx_HAL_Driver/Src/stm32f3xx_hal_i2c.o
 .debug_info    0x0000000000000000     0x3965 Drivers/STM32F3xx_HAL_Driver/Src/stm32f3xx_hal_i2c.o
 .debug_abbrev  0x0000000000000000      0x3b8 Drivers/STM32F3xx_HAL_Driver/Src/stm32f3xx_hal_i2c.o
 .debug_loc     0x0000000000000000     0x30e5 Drivers/STM32F3xx_HAL_Driver/Src/stm32f3xx_hal_i2c.o
 .debug_aranges
                0x0000000000000000      0x200 Drivers/STM32F3xx_HAL_Driver/Src/stm32f3xx_hal_i2c.o
 .debug_ranges  0x0000000000000000      0x268 Drivers/STM32F3xx_HAL_Driver/Src/stm32f3xx_hal_i2c.o
 .debug_line    0x0000000000000000     0x1542 Drivers/STM32F3xx_HAL_Driver/Src/stm32f3xx_hal_i2c.o
 .debug_str     0x0000000000000000     0x1393 Drivers/STM32F3xx_HAL_Driver/Src/stm32f3xx_hal_i2c.o
 .comment       0x0000000000000000       0x7d Drivers/STM32F3xx_HAL_Driver/Src/stm32f3xx_hal_i2c.o
 .debug_frame   0x0000000000000000      0x804 Drivers/STM32F3xx_HAL_Driver/Src/stm32f3xx_hal_i2c.o
 .ARM.attributes
                0x0000000000000000       0x39 Drivers/STM32F3xx_HAL_Driver/Src/stm32f3xx_hal_i2c.o
 .text          0x0000000000000000        0x0 Drivers/STM32F3xx_HAL_Driver/Src/stm32f3xx_hal_i2c_ex.o
 .data          0x0000000000000000        0x0 Drivers/STM32F3xx_HAL_Driver/Src/stm32f3xx_hal_i2c_ex.o
 .bss           0x0000000000000000        0x0 Drivers/STM32F3xx_HAL_Driver/Src/stm32f3xx_hal_i2c_ex.o
 .text.HAL_I2CEx_ConfigAnalogFilter
                0x0000000000000000       0x4c Drivers/STM32F3xx_HAL_Driver/Src/stm32f3xx_hal_i2c_ex.o
 .text.HAL_I2CEx_ConfigDigitalFilter
                0x0000000000000000       0x4a Drivers/STM32F3xx_HAL_Driver/Src/stm32f3xx_hal_i2c_ex.o
 .text.HAL_I2CEx_EnableWakeUp
                0x0000000000000000       0x44 Drivers/STM32F3xx_HAL_Driver/Src/stm32f3xx_hal_i2c_ex.o
 .text.HAL_I2CEx_DisableWakeUp
                0x0000000000000000       0x44 Drivers/STM32F3xx_HAL_Driver/Src/stm32f3xx_hal_i2c_ex.o
 .text.HAL_I2CEx_EnableFastModePlus
                0x0000000000000000       0x2c Drivers/STM32F3xx_HAL_Driver/Src/stm32f3xx_hal_i2c_ex.o
 .text.HAL_I2CEx_DisableFastModePlus
                0x0000000000000000       0x2c Drivers/STM32F3xx_HAL_Driver/Src/stm32f3xx_hal_i2c_ex.o
 .debug_info    0x0000000000000000     0x11a2 Drivers/STM32F3xx_HAL_Driver/Src/stm32f3xx_hal_i2c_ex.o
 .debug_abbrev  0x0000000000000000      0x218 Drivers/STM32F3xx_HAL_Driver/Src/stm32f3xx_hal_i2c_ex.o
 .debug_loc     0x0000000000000000      0x1b8 Drivers/STM32F3xx_HAL_Driver/Src/stm32f3xx_hal_i2c_ex.o
 .debug_aranges
                0x0000000000000000       0x48 Drivers/STM32F3xx_HAL_Driver/Src/stm32f3xx_hal_i2c_ex.o
 .debug_ranges  0x0000000000000000       0x68 Drivers/STM32F3xx_HAL_Driver/Src/stm32f3xx_hal_i2c_ex.o
 .debug_line    0x0000000000000000      0x386 Drivers/STM32F3xx_HAL_Driver/Src/stm32f3xx_hal_i2c_ex.o
 .debug_str     0x0000000000000000      0xd7d Drivers/STM32F3xx_HAL_Driver/Src/stm32f3xx_hal_i2c_ex.o
 .comment       0x0000000000000000       0x7d Drivers/STM32F3xx_HAL_Driver/Src/stm32f3xx_hal_i2c_ex.o
 .debug_frame   0x0000000000000000       0x90 Drivers/STM32F3xx_HAL_Driver/Src/stm32f3xx_hal_i2c_ex.o
 .ARM.attributes
                0x0000000000000000       0x39 Drivers/STM32F3xx_HAL_Driver/Src/stm32f3xx_hal_i2c_ex.o
 .text          0x0000000000000000        0x0 Drivers/STM32F3xx_HAL_Driver/Src/stm32f3xx_hal_pwr.o
 .data          0x0000000000000000        0x0 Drivers/STM32F3xx_HAL_Driver/Src/stm32f3xx_hal_pwr.o
 .bss           0x0000000000000000        0x0 Drivers/STM32F3xx_HAL_Driver/Src/stm32f3xx_hal_pwr.o
 .text.HAL_PWR_DeInit
                0x0000000000000000       0x18 Drivers/STM32F3xx_HAL_Driver/Src/stm32f3xx_hal_pwr.o
 .text.HAL_PWR_EnableBkUpAccess
                0x0000000000000000       0x10 Drivers/STM32F3xx_HAL_Driver/Src/stm32f3xx_hal_pwr.o
 .text.HAL_PWR_DisableBkUpAccess
                0x0000000000000000       0x10 Drivers/STM32F3xx_HAL_Driver/Src/stm32f3xx_hal_pwr.o
 .text.HAL_PWR_EnableWakeUpPin
                0x0000000000000000       0x10 Drivers/STM32F3xx_HAL_Driver/Src/stm32f3xx_hal_pwr.o
 .text.HAL_PWR_DisableWakeUpPin
                0x0000000000000000       0x10 Drivers/STM32F3xx_HAL_Driver/Src/stm32f3xx_hal_pwr.o
 .text.HAL_PWR_EnterSLEEPMode
                0x0000000000000000       0x20 Drivers/STM32F3xx_HAL_Driver/Src/stm32f3xx_hal_pwr.o
 .text.HAL_PWR_EnterSTOPMode
                0x0000000000000000       0x38 Drivers/STM32F3xx_HAL_Driver/Src/stm32f3xx_hal_pwr.o
 .text.HAL_PWR_EnterSTANDBYMode
                0x0000000000000000       0x20 Drivers/STM32F3xx_HAL_Driver/Src/stm32f3xx_hal_pwr.o
 .text.HAL_PWR_EnableSleepOnExit
                0x0000000000000000       0x10 Drivers/STM32F3xx_HAL_Driver/Src/stm32f3xx_hal_pwr.o
 .text.HAL_PWR_DisableSleepOnExit
                0x0000000000000000       0x10 Drivers/STM32F3xx_HAL_Driver/Src/stm32f3xx_hal_pwr.o
 .text.HAL_PWR_EnableSEVOnPend
                0x0000000000000000       0x10 Drivers/STM32F3xx_HAL_Driver/Src/stm32f3xx_hal_pwr.o
 .text.HAL_PWR_DisableSEVOnPend
                0x0000000000000000       0x10 Drivers/STM32F3xx_HAL_Driver/Src/stm32f3xx_hal_pwr.o
 .debug_info    0x0000000000000000      0xe1c Drivers/STM32F3xx_HAL_Driver/Src/stm32f3xx_hal_pwr.o
 .debug_abbrev  0x0000000000000000      0x21a Drivers/STM32F3xx_HAL_Driver/Src/stm32f3xx_hal_pwr.o
 .debug_loc     0x0000000000000000       0x8d Drivers/STM32F3xx_HAL_Driver/Src/stm32f3xx_hal_pwr.o
 .debug_aranges
                0x0000000000000000       0x78 Drivers/STM32F3xx_HAL_Driver/Src/stm32f3xx_hal_pwr.o
 .debug_ranges  0x0000000000000000       0x68 Drivers/STM32F3xx_HAL_Driver/Src/stm32f3xx_hal_pwr.o
 .debug_line    0x0000000000000000      0x313 Drivers/STM32F3xx_HAL_Driver/Src/stm32f3xx_hal_pwr.o
 .debug_str     0x0000000000000000      0x907 Drivers/STM32F3xx_HAL_Driver/Src/stm32f3xx_hal_pwr.o
 .comment       0x0000000000000000       0x7d Drivers/STM32F3xx_HAL_Driver/Src/stm32f3xx_hal_pwr.o
 .debug_frame   0x0000000000000000       0xd0 Drivers/STM32F3xx_HAL_Driver/Src/stm32f3xx_hal_pwr.o
 .ARM.attributes
                0x0000000000000000       0x39 Drivers/STM32F3xx_HAL_Driver/Src/stm32f3xx_hal_pwr.o
 .text          0x0000000000000000        0x0 Drivers/STM32F3xx_HAL_Driver/Src/stm32f3xx_hal_pwr_ex.o
 .data          0x0000000000000000        0x0 Drivers/STM32F3xx_HAL_Driver/Src/stm32f3xx_hal_pwr_ex.o
 .bss           0x0000000000000000        0x0 Drivers/STM32F3xx_HAL_Driver/Src/stm32f3xx_hal_pwr_ex.o
 .text.HAL_PWR_ConfigPVD
                0x0000000000000000       0x6c Drivers/STM32F3xx_HAL_Driver/Src/stm32f3xx_hal_pwr_ex.o
 .text.HAL_PWR_EnablePVD
                0x0000000000000000       0x10 Drivers/STM32F3xx_HAL_Driver/Src/stm32f3xx_hal_pwr_ex.o
 .text.HAL_PWR_DisablePVD
                0x0000000000000000       0x10 Drivers/STM32F3xx_HAL_Driver/Src/stm32f3xx_hal_pwr_ex.o
 .text.HAL_PWR_PVDCallback
                0x0000000000000000        0x2 Drivers/STM32F3xx_HAL_Driver/Src/stm32f3xx_hal_pwr_ex.o
 .text.HAL_PWR_PVD_IRQHandler
                0x0000000000000000       0x1c Drivers/STM32F3xx_HAL_Driver/Src/stm32f3xx_hal_pwr_ex.o
 .debug_info    0x0000000000000000      0xb44 Drivers/STM32F3xx_HAL_Driver/Src/stm32f3xx_hal_pwr_ex.o
 .debug_abbrev  0x0000000000000000      0x1da Drivers/STM32F3xx_HAL_Driver/Src/stm32f3xx_hal_pwr_ex.o
 .debug_loc     0x0000000000000000       0x21 Drivers/STM32F3xx_HAL_Driver/Src/stm32f3xx_hal_pwr_ex.o
 .debug_aranges
                0x0000000000000000       0x40 Drivers/STM32F3xx_HAL_Driver/Src/stm32f3xx_hal_pwr_ex.o
 .debug_ranges  0x0000000000000000       0x30 Drivers/STM32F3xx_HAL_Driver/Src/stm32f3xx_hal_pwr_ex.o
 .debug_line    0x0000000000000000      0x296 Drivers/STM32F3xx_HAL_Driver/Src/stm32f3xx_hal_pwr_ex.o
 .debug_str     0x0000000000000000      0x7d5 Drivers/STM32F3xx_HAL_Driver/Src/stm32f3xx_hal_pwr_ex.o
 .comment       0x0000000000000000       0x7d Drivers/STM32F3xx_HAL_Driver/Src/stm32f3xx_hal_pwr_ex.o
 .debug_frame   0x0000000000000000       0x68 Drivers/STM32F3xx_HAL_Driver/Src/stm32f3xx_hal_pwr_ex.o
 .ARM.attributes
                0x0000000000000000       0x39 Drivers/STM32F3xx_HAL_Driver/Src/stm32f3xx_hal_pwr_ex.o
 .text          0x0000000000000000        0x0 Drivers/STM32F3xx_HAL_Driver/Src/stm32f3xx_hal_rcc.o
 .data          0x0000000000000000        0x0 Drivers/STM32F3xx_HAL_Driver/Src/stm32f3xx_hal_rcc.o
 .bss           0x0000000000000000        0x0 Drivers/STM32F3xx_HAL_Driver/Src/stm32f3xx_hal_rcc.o
 .text.HAL_RCC_DeInit
                0x0000000000000000       0xd8 Drivers/STM32F3xx_HAL_Driver/Src/stm32f3xx_hal_rcc.o
 .text.HAL_RCC_MCOConfig
                0x0000000000000000       0x50 Drivers/STM32F3xx_HAL_Driver/Src/stm32f3xx_hal_rcc.o
 .text.HAL_RCC_EnableCSS
                0x0000000000000000       0x1c Drivers/STM32F3xx_HAL_Driver/Src/stm32f3xx_hal_rcc.o
 .text.HAL_RCC_DisableCSS
                0x0000000000000000       0x1c Drivers/STM32F3xx_HAL_Driver/Src/stm32f3xx_hal_rcc.o
 .text.HAL_RCC_GetOscConfig
                0x0000000000000000       0x8c Drivers/STM32F3xx_HAL_Driver/Src/stm32f3xx_hal_rcc.o
 .text.HAL_RCC_GetClockConfig
                0x0000000000000000       0x3c Drivers/STM32F3xx_HAL_Driver/Src/stm32f3xx_hal_rcc.o
 .text.HAL_RCC_CSSCallback
                0x0000000000000000        0x2 Drivers/STM32F3xx_HAL_Driver/Src/stm32f3xx_hal_rcc.o
 .text.HAL_RCC_NMI_IRQHandler
                0x0000000000000000       0x20 Drivers/STM32F3xx_HAL_Driver/Src/stm32f3xx_hal_rcc.o
 .text          0x0000000000000000        0x0 Drivers/STM32F3xx_HAL_Driver/Src/stm32f3xx_hal_rcc_ex.o
 .data          0x0000000000000000        0x0 Drivers/STM32F3xx_HAL_Driver/Src/stm32f3xx_hal_rcc_ex.o
 .bss           0x0000000000000000        0x0 Drivers/STM32F3xx_HAL_Driver/Src/stm32f3xx_hal_rcc_ex.o
 .text.RCC_GetPLLCLKFreq
                0x0000000000000000       0x38 Drivers/STM32F3xx_HAL_Driver/Src/stm32f3xx_hal_rcc_ex.o
 .text.HAL_RCCEx_PeriphCLKConfig
                0x0000000000000000      0x170 Drivers/STM32F3xx_HAL_Driver/Src/stm32f3xx_hal_rcc_ex.o
 .text.HAL_RCCEx_GetPeriphCLKConfig
                0x0000000000000000       0x40 Drivers/STM32F3xx_HAL_Driver/Src/stm32f3xx_hal_rcc_ex.o
 .text.HAL_RCCEx_GetPeriphCLKFreq
                0x0000000000000000      0x14c Drivers/STM32F3xx_HAL_Driver/Src/stm32f3xx_hal_rcc_ex.o
 .rodata        0x0000000000000000       0x20 Drivers/STM32F3xx_HAL_Driver/Src/stm32f3xx_hal_rcc_ex.o
 .debug_info    0x0000000000000000      0xe94 Drivers/STM32F3xx_HAL_Driver/Src/stm32f3xx_hal_rcc_ex.o
 .debug_abbrev  0x0000000000000000      0x318 Drivers/STM32F3xx_HAL_Driver/Src/stm32f3xx_hal_rcc_ex.o
 .debug_loc     0x0000000000000000      0x42c Drivers/STM32F3xx_HAL_Driver/Src/stm32f3xx_hal_rcc_ex.o
 .debug_aranges
                0x0000000000000000       0x38 Drivers/STM32F3xx_HAL_Driver/Src/stm32f3xx_hal_rcc_ex.o
 .debug_ranges  0x0000000000000000       0x78 Drivers/STM32F3xx_HAL_Driver/Src/stm32f3xx_hal_rcc_ex.o
 .debug_line    0x0000000000000000      0x42e Drivers/STM32F3xx_HAL_Driver/Src/stm32f3xx_hal_rcc_ex.o
 .debug_str     0x0000000000000000      0x990 Drivers/STM32F3xx_HAL_Driver/Src/stm32f3xx_hal_rcc_ex.o
 .comment       0x0000000000000000       0x7d Drivers/STM32F3xx_HAL_Driver/Src/stm32f3xx_hal_rcc_ex.o
 .debug_frame   0x0000000000000000       0xa8 Drivers/STM32F3xx_HAL_Driver/Src/stm32f3xx_hal_rcc_ex.o
 .ARM.attributes
                0x0000000000000000       0x39 Drivers/STM32F3xx_HAL_Driver/Src/stm32f3xx_hal_rcc_ex.o
 .text          0x0000000000000000        0x0 Drivers/STM32F3xx_HAL_Driver/Src/stm32f3xx_hal_tim.o
 .data          0x0000000000000000        0x0 Drivers/STM32F3xx_HAL_Driver/Src/stm32f3xx_hal_tim.o
 .bss           0x0000000000000000        0x0 Drivers/STM32F3xx_HAL_Driver/Src/stm32f3xx_hal_tim.o
 .debug_info    0x0000000000000000      0x980 Drivers/STM32F3xx_HAL_Driver/Src/stm32f3xx_hal_tim.o
 .debug_abbrev  0x0000000000000000      0x174 Drivers/STM32F3xx_HAL_Driver/Src/stm32f3xx_hal_tim.o
 .debug_aranges
                0x0000000000000000       0x18 Drivers/STM32F3xx_HAL_Driver/Src/stm32f3xx_hal_tim.o
 .debug_line    0x0000000000000000      0x1bc Drivers/STM32F3xx_HAL_Driver/Src/stm32f3xx_hal_tim.o
 .debug_str     0x0000000000000000      0x6e8 Drivers/STM32F3xx_HAL_Driver/Src/stm32f3xx_hal_tim.o
 .comment       0x0000000000000000       0x7d Drivers/STM32F3xx_HAL_Driver/Src/stm32f3xx_hal_tim.o
 .ARM.attributes
                0x0000000000000000       0x39 Drivers/STM32F3xx_HAL_Driver/Src/stm32f3xx_hal_tim.o
 .text          0x0000000000000000        0x0 Drivers/STM32F3xx_HAL_Driver/Src/stm32f3xx_hal_tim_ex.o
 .data          0x0000000000000000        0x0 Drivers/STM32F3xx_HAL_Driver/Src/stm32f3xx_hal_tim_ex.o
 .bss           0x0000000000000000        0x0 Drivers/STM32F3xx_HAL_Driver/Src/stm32f3xx_hal_tim_ex.o
 .debug_info    0x0000000000000000      0x980 Drivers/STM32F3xx_HAL_Driver/Src/stm32f3xx_hal_tim_ex.o
 .debug_abbrev  0x0000000000000000      0x174 Drivers/STM32F3xx_HAL_Driver/Src/stm32f3xx_hal_tim_ex.o
 .debug_aranges
                0x0000000000000000       0x18 Drivers/STM32F3xx_HAL_Driver/Src/stm32f3xx_hal_tim_ex.o
 .debug_line    0x0000000000000000      0x1bc Drivers/STM32F3xx_HAL_Driver/Src/stm32f3xx_hal_tim_ex.o
 .debug_str     0x0000000000000000      0x6eb Drivers/STM32F3xx_HAL_Driver/Src/stm32f3xx_hal_tim_ex.o
 .comment       0x0000000000000000       0x7d Drivers/STM32F3xx_HAL_Driver/Src/stm32f3xx_hal_tim_ex.o
 .ARM.attributes
                0x0000000000000000       0x39 Drivers/STM32F3xx_HAL_Driver/Src/stm32f3xx_hal_tim_ex.o
 .text          0x0000000000000000        0x0 Drivers/STM32F3xx_HAL_Driver/Src/stm32f3xx_hal_uart.o
 .data          0x0000000000000000        0x0 Drivers/STM32F3xx_HAL_Driver/Src/stm32f3xx_hal_uart.o
 .bss           0x0000000000000000        0x0 Drivers/STM32F3xx_HAL_Driver/Src/stm32f3xx_hal_uart.o
 .text.UART_EndRxTransfer
                0x0000000000000000       0x1a Drivers/STM32F3xx_HAL_Driver/Src/stm32f3xx_hal_uart.o
 .text.HAL_UART_MspInit
                0x0000000000000000        0x2 Drivers/STM32F3xx_HAL_Driver/Src/stm32f3xx_hal_uart.o
 .text.HAL_UART_MspDeInit
                0x0000000000000000        0x2 Drivers/STM32F3xx_HAL_Driver/Src/stm32f3xx_hal_uart.o
 .text.HAL_UART_DeInit
                0x0000000000000000       0x38 Drivers/STM32F3xx_HAL_Driver/Src/stm32f3xx_hal_uart.o
 .text.HAL_UART_Transmit_IT
                0x0000000000000000       0x42 Drivers/STM32F3xx_HAL_Driver/Src/stm32f3xx_hal_uart.o
 .text.HAL_UART_Receive_IT
                0x0000000000000000       0x88 Drivers/STM32F3xx_HAL_Driver/Src/stm32f3xx_hal_uart.o
 .text.HAL_UART_Transmit_DMA
                0x0000000000000000       0x78 Drivers/STM32F3xx_HAL_Driver/Src/stm32f3xx_hal_uart.o
 .text.HAL_UART_Receive_DMA
                0x0000000000000000       0x88 Drivers/STM32F3xx_HAL_Driver/Src/stm32f3xx_hal_uart.o
 .text.HAL_UART_DMAPause
                0x0000000000000000       0x5c Drivers/STM32F3xx_HAL_Driver/Src/stm32f3xx_hal_uart.o
 .text.HAL_UART_DMAResume
                0x0000000000000000       0x54 Drivers/STM32F3xx_HAL_Driver/Src/stm32f3xx_hal_uart.o
 .text.HAL_UART_DMAStop
                0x0000000000000000       0x5e Drivers/STM32F3xx_HAL_Driver/Src/stm32f3xx_hal_uart.o
 .text.HAL_UART_Abort
                0x0000000000000000       0x6a Drivers/STM32F3xx_HAL_Driver/Src/stm32f3xx_hal_uart.o
 .text.HAL_UART_AbortTransmit
                0x0000000000000000       0x36 Drivers/STM32F3xx_HAL_Driver/Src/stm32f3xx_hal_uart.o
 .text.HAL_UART_AbortReceive
                0x0000000000000000       0x44 Drivers/STM32F3xx_HAL_Driver/Src/stm32f3xx_hal_uart.o
 .text.HAL_UART_TxCpltCallback
                0x0000000000000000        0x2 Drivers/STM32F3xx_HAL_Driver/Src/stm32f3xx_hal_uart.o
 .text.UART_DMATransmitCplt
                0x0000000000000000       0x2e Drivers/STM32F3xx_HAL_Driver/Src/stm32f3xx_hal_uart.o
 .text.HAL_UART_TxHalfCpltCallback
                0x0000000000000000        0x2 Drivers/STM32F3xx_HAL_Driver/Src/stm32f3xx_hal_uart.o
 .text.UART_DMATxHalfCplt
                0x0000000000000000        0xa Drivers/STM32F3xx_HAL_Driver/Src/stm32f3xx_hal_uart.o
 .text.HAL_UART_RxCpltCallback
                0x0000000000000000        0x2 Drivers/STM32F3xx_HAL_Driver/Src/stm32f3xx_hal_uart.o
 .text.UART_DMAReceiveCplt
                0x0000000000000000       0x3a Drivers/STM32F3xx_HAL_Driver/Src/stm32f3xx_hal_uart.o
 .text.HAL_UART_RxHalfCpltCallback
                0x0000000000000000        0x2 Drivers/STM32F3xx_HAL_Driver/Src/stm32f3xx_hal_uart.o
 .text.UART_DMARxHalfCplt
                0x0000000000000000        0xa Drivers/STM32F3xx_HAL_Driver/Src/stm32f3xx_hal_uart.o
 .text.HAL_UART_ErrorCallback
                0x0000000000000000        0x2 Drivers/STM32F3xx_HAL_Driver/Src/stm32f3xx_hal_uart.o
 .text.UART_DMAError
                0x0000000000000000       0x54 Drivers/STM32F3xx_HAL_Driver/Src/stm32f3xx_hal_uart.o
 .text.UART_DMAAbortOnError
                0x0000000000000000       0x14 Drivers/STM32F3xx_HAL_Driver/Src/stm32f3xx_hal_uart.o
 .text.HAL_UART_AbortCpltCallback
                0x0000000000000000        0x2 Drivers/STM32F3xx_HAL_Driver/Src/stm32f3xx_hal_uart.o
 .text.HAL_UART_Abort_IT
                0x0000000000000000       0xb0 Drivers/STM32F3xx_HAL_Driver/Src/stm32f3xx_hal_uart.o
 .text.UART_DMARxAbortCallback
                0x0000000000000000       0x32 Drivers/STM32F3xx_HAL_Driver/Src/stm32f3xx_hal_uart.o
 .text.UART_DMATxAbortCallback
                0x0000000000000000       0x32 Drivers/STM32F3xx_HAL_Driver/Src/stm32f3xx_hal_uart.o
 .text.HAL_UART_AbortTransmitCpltCallback
                0x0000000000000000        0x2 Drivers/STM32F3xx_HAL_Driver/Src/stm32f3xx_hal_uart.o
 .text.HAL_UART_AbortTransmit_IT
                0x0000000000000000       0x54 Drivers/STM32F3xx_HAL_Driver/Src/stm32f3xx_hal_uart.o
 .text.UART_DMATxOnlyAbortCallback
                0x0000000000000000       0x16 Drivers/STM32F3xx_HAL_Driver/Src/stm32f3xx_hal_uart.o
 .text.HAL_UART_AbortReceiveCpltCallback
                0x0000000000000000        0x2 Drivers/STM32F3xx_HAL_Driver/Src/stm32f3xx_hal_uart.o
 .text.HAL_UART_AbortReceive_IT
                0x0000000000000000       0x58 Drivers/STM32F3xx_HAL_Driver/Src/stm32f3xx_hal_uart.o
 .text.UART_DMARxOnlyAbortCallback
                0x0000000000000000       0x1c Drivers/STM32F3xx_HAL_Driver/Src/stm32f3xx_hal_uart.o
 .text.HAL_MultiProcessor_EnterMuteMode
                0x0000000000000000        0xc Drivers/STM32F3xx_HAL_Driver/Src/stm32f3xx_hal_uart.o
 .text.HAL_HalfDuplex_EnableTransmitter
                0x0000000000000000       0x34 Drivers/STM32F3xx_HAL_Driver/Src/stm32f3xx_hal_uart.o
 .text.HAL_HalfDuplex_EnableReceiver
                0x0000000000000000       0x34 Drivers/STM32F3xx_HAL_Driver/Src/stm32f3xx_hal_uart.o
 .text.HAL_LIN_SendBreak
                0x0000000000000000       0x2c Drivers/STM32F3xx_HAL_Driver/Src/stm32f3xx_hal_uart.o
 .text.HAL_UART_GetState
                0x0000000000000000        0xc Drivers/STM32F3xx_HAL_Driver/Src/stm32f3xx_hal_uart.o
 .text.HAL_UART_GetError
                0x0000000000000000        0x4 Drivers/STM32F3xx_HAL_Driver/Src/stm32f3xx_hal_uart.o
 .text.HAL_UART_Receive
                0x0000000000000000       0xde Drivers/STM32F3xx_HAL_Driver/Src/stm32f3xx_hal_uart.o
 .text.HAL_HalfDuplex_Init
                0x0000000000000000       0x6c Drivers/STM32F3xx_HAL_Driver/Src/stm32f3xx_hal_uart.o
 .text.HAL_LIN_Init
                0x0000000000000000       0x88 Drivers/STM32F3xx_HAL_Driver/Src/stm32f3xx_hal_uart.o
 .text.HAL_MultiProcessor_Init
                0x0000000000000000       0x86 Drivers/STM32F3xx_HAL_Driver/Src/stm32f3xx_hal_uart.o
 .text.HAL_MultiProcessor_EnableMuteMode
                0x0000000000000000       0x2c Drivers/STM32F3xx_HAL_Driver/Src/stm32f3xx_hal_uart.o
 .text.HAL_MultiProcessor_DisableMuteMode
                0x0000000000000000       0x2c Drivers/STM32F3xx_HAL_Driver/Src/stm32f3xx_hal_uart.o
 .text.UART_Transmit_IT
                0x0000000000000000       0x5c Drivers/STM32F3xx_HAL_Driver/Src/stm32f3xx_hal_uart.o
 .text.UART_EndTransmit_IT
                0x0000000000000000       0x1a Drivers/STM32F3xx_HAL_Driver/Src/stm32f3xx_hal_uart.o
 .text.UART_Receive_IT
                0x0000000000000000       0x6c Drivers/STM32F3xx_HAL_Driver/Src/stm32f3xx_hal_uart.o
 .text.HAL_UART_IRQHandler
                0x0000000000000000      0x12c Drivers/STM32F3xx_HAL_Driver/Src/stm32f3xx_hal_uart.o
 .text.UART_Wakeup_AddressConfig
                0x0000000000000000       0x2c Drivers/STM32F3xx_HAL_Driver/Src/stm32f3xx_hal_uart.o
 .text          0x0000000000000000        0x0 Drivers/STM32F3xx_HAL_Driver/Src/stm32f3xx_hal_uart_ex.o
 .data          0x0000000000000000        0x0 Drivers/STM32F3xx_HAL_Driver/Src/stm32f3xx_hal_uart_ex.o
 .bss           0x0000000000000000        0x0 Drivers/STM32F3xx_HAL_Driver/Src/stm32f3xx_hal_uart_ex.o
 .text.HAL_RS485Ex_Init
                0x0000000000000000       0x82 Drivers/STM32F3xx_HAL_Driver/Src/stm32f3xx_hal_uart_ex.o
 .text.HAL_UARTEx_WakeupCallback
                0x0000000000000000        0x2 Drivers/STM32F3xx_HAL_Driver/Src/stm32f3xx_hal_uart_ex.o
 .text.HAL_UARTEx_StopModeWakeUpSourceConfig
                0x0000000000000000       0x7a Drivers/STM32F3xx_HAL_Driver/Src/stm32f3xx_hal_uart_ex.o
 .text.HAL_UARTEx_EnableStopMode
                0x0000000000000000       0x2c Drivers/STM32F3xx_HAL_Driver/Src/stm32f3xx_hal_uart_ex.o
 .text.HAL_UARTEx_DisableStopMode
                0x0000000000000000       0x2c Drivers/STM32F3xx_HAL_Driver/Src/stm32f3xx_hal_uart_ex.o
 .text.HAL_MultiProcessorEx_AddressLength_Set
                0x0000000000000000       0x2c Drivers/STM32F3xx_HAL_Driver/Src/stm32f3xx_hal_uart_ex.o
 .debug_info    0x0000000000000000     0x118e Drivers/STM32F3xx_HAL_Driver/Src/stm32f3xx_hal_uart_ex.o
 .debug_abbrev  0x0000000000000000      0x279 Drivers/STM32F3xx_HAL_Driver/Src/stm32f3xx_hal_uart_ex.o
 .debug_loc     0x0000000000000000      0x2fd Drivers/STM32F3xx_HAL_Driver/Src/stm32f3xx_hal_uart_ex.o
 .debug_aranges
                0x0000000000000000       0x48 Drivers/STM32F3xx_HAL_Driver/Src/stm32f3xx_hal_uart_ex.o
 .debug_ranges  0x0000000000000000       0x38 Drivers/STM32F3xx_HAL_Driver/Src/stm32f3xx_hal_uart_ex.o
 .debug_line    0x0000000000000000      0x371 Drivers/STM32F3xx_HAL_Driver/Src/stm32f3xx_hal_uart_ex.o
 .debug_str     0x0000000000000000      0xd57 Drivers/STM32F3xx_HAL_Driver/Src/stm32f3xx_hal_uart_ex.o
 .comment       0x0000000000000000       0x7d Drivers/STM32F3xx_HAL_Driver/Src/stm32f3xx_hal_uart_ex.o
 .debug_frame   0x0000000000000000       0xa0 Drivers/STM32F3xx_HAL_Driver/Src/stm32f3xx_hal_uart_ex.o
 .ARM.attributes
                0x0000000000000000       0x39 Drivers/STM32F3xx_HAL_Driver/Src/stm32f3xx_hal_uart_ex.o
 .text          0x0000000000000000        0x0 Src/dwt_delay.o
 .data          0x0000000000000000        0x0 Src/dwt_delay.o
 .bss           0x0000000000000000        0x0 Src/dwt_delay.o
 .text          0x0000000000000000        0x0 Src/main.o
 .data          0x0000000000000000        0x0 Src/main.o
 .bss           0x0000000000000000        0x0 Src/main.o
 .text.Error_Handler
                0x0000000000000000        0x2 Src/main.o
 .bss.check     0x0000000000000000        0x4 Src/main.o
 .text          0x0000000000000000        0x0 Src/stm32f3xx_hal_msp.o
 .data          0x0000000000000000        0x0 Src/stm32f3xx_hal_msp.o
 .bss           0x0000000000000000        0x0 Src/stm32f3xx_hal_msp.o
 .text.HAL_UART_MspDeInit
                0x0000000000000000       0x28 Src/stm32f3xx_hal_msp.o
 .text          0x0000000000000000        0x0 Src/stm32f3xx_it.o
 .data          0x0000000000000000        0x0 Src/stm32f3xx_it.o
 .bss           0x0000000000000000        0x0 Src/stm32f3xx_it.o
 .text          0x0000000000000000        0x0 Src/syscalls.o
 .data          0x0000000000000000        0x0 Src/syscalls.o
 .bss           0x0000000000000000        0x0 Src/syscalls.o
 .text.initialise_monitor_handles
                0x0000000000000000        0x2 Src/syscalls.o
 .text._getpid  0x0000000000000000        0x4 Src/syscalls.o
 .text._kill    0x0000000000000000       0x10 Src/syscalls.o
 .text._exit    0x0000000000000000        0xc Src/syscalls.o
 .text._read    0x0000000000000000       0x1c Src/syscalls.o
 .text._write   0x0000000000000000       0x1c Src/syscalls.o
 .text._sbrk    0x0000000000000000       0x34 Src/syscalls.o
 .text._close   0x0000000000000000        0x6 Src/syscalls.o
 .text._fstat   0x0000000000000000        0xa Src/syscalls.o
 .text._isatty  0x0000000000000000        0x4 Src/syscalls.o
 .text._lseek   0x0000000000000000        0x4 Src/syscalls.o
 .text._open    0x0000000000000000        0xa Src/syscalls.o
 .text._wait    0x0000000000000000       0x10 Src/syscalls.o
 .text._unlink  0x0000000000000000       0x10 Src/syscalls.o
 .text._times   0x0000000000000000        0x6 Src/syscalls.o
 .text._stat    0x0000000000000000        0xa Src/syscalls.o
 .text._link    0x0000000000000000       0x10 Src/syscalls.o
 .text._fork    0x0000000000000000       0x10 Src/syscalls.o
 .text._execve  0x0000000000000000       0x10 Src/syscalls.o
 .bss.__env     0x0000000000000000        0x4 Src/syscalls.o
 .bss.heap_end.7010
                0x0000000000000000        0x4 Src/syscalls.o
 .data.environ  0x0000000000000000        0x4 Src/syscalls.o
 .debug_info    0x0000000000000000      0xfe1 Src/syscalls.o
 .debug_abbrev  0x0000000000000000      0x2d9 Src/syscalls.o
 .debug_loc     0x0000000000000000      0x3ef Src/syscalls.o
 .debug_aranges
                0x0000000000000000       0xb0 Src/syscalls.o
 .debug_ranges  0x0000000000000000       0xa0 Src/syscalls.o
 .debug_line    0x0000000000000000      0x313 Src/syscalls.o
 .debug_str     0x0000000000000000      0x884 Src/syscalls.o
 .comment       0x0000000000000000       0x7d Src/syscalls.o
 .debug_frame   0x0000000000000000      0x1a8 Src/syscalls.o
 .ARM.attributes
                0x0000000000000000       0x39 Src/syscalls.o
 .text          0x0000000000000000        0x0 Src/system_stm32f3xx.o
 .data          0x0000000000000000        0x0 Src/system_stm32f3xx.o
 .bss           0x0000000000000000        0x0 Src/system_stm32f3xx.o
 .text.SystemCoreClockUpdate
                0x0000000000000000       0x68 Src/system_stm32f3xx.o
 .text          0x0000000000000000       0x14 startup/startup_stm32f334x8.o
 .data          0x0000000000000000        0x0 startup/startup_stm32f334x8.o
 .bss           0x0000000000000000        0x0 startup/startup_stm32f334x8.o
 .text          0x0000000000000000        0x0 /opt/truestudio/ARMTools/bin/../lib/gcc/arm-atollic-eabi/6.3.1/../../../../arm-atollic-eabi/lib/armv7e-m/fpu/libc_nano.a(lib_a-errno.o)
 .data          0x0000000000000000        0x0 /opt/truestudio/ARMTools/bin/../lib/gcc/arm-atollic-eabi/6.3.1/../../../../arm-atollic-eabi/lib/armv7e-m/fpu/libc_nano.a(lib_a-errno.o)
 .bss           0x0000000000000000        0x0 /opt/truestudio/ARMTools/bin/../lib/gcc/arm-atollic-eabi/6.3.1/../../../../arm-atollic-eabi/lib/armv7e-m/fpu/libc_nano.a(lib_a-errno.o)
 .text.__errno  0x0000000000000000        0xc /opt/truestudio/ARMTools/bin/../lib/gcc/arm-atollic-eabi/6.3.1/../../../../arm-atollic-eabi/lib/armv7e-m/fpu/libc_nano.a(lib_a-errno.o)
 .debug_frame   0x0000000000000000       0x20 /opt/truestudio/ARMTools/bin/../lib/gcc/arm-atollic-eabi/6.3.1/../../../../arm-atollic-eabi/lib/armv7e-m/fpu/libc_nano.a(lib_a-errno.o)
 .ARM.attributes
                0x0000000000000000       0x34 /opt/truestudio/ARMTools/bin/../lib/gcc/arm-atollic-eabi/6.3.1/../../../../arm-atollic-eabi/lib/armv7e-m/fpu/libc_nano.a(lib_a-errno.o)
 .text          0x0000000000000000        0x0 /opt/truestudio/ARMTools/bin/../lib/gcc/arm-atollic-eabi/6.3.1/../../../../arm-atollic-eabi/lib/armv7e-m/fpu/libc_nano.a(lib_a-impure.o)
 .data          0x0000000000000000        0x0 /opt/truestudio/ARMTools/bin/../lib/gcc/arm-atollic-eabi/6.3.1/../../../../arm-atollic-eabi/lib/armv7e-m/fpu/libc_nano.a(lib_a-impure.o)
 .bss           0x0000000000000000        0x0 /opt/truestudio/ARMTools/bin/../lib/gcc/arm-atollic-eabi/6.3.1/../../../../arm-atollic-eabi/lib/armv7e-m/fpu/libc_nano.a(lib_a-impure.o)
 .data._impure_ptr
                0x0000000000000000        0x4 /opt/truestudio/ARMTools/bin/../lib/gcc/arm-atollic-eabi/6.3.1/../../../../arm-atollic-eabi/lib/armv7e-m/fpu/libc_nano.a(lib_a-impure.o)
 .data.impure_data
                0x0000000000000000       0x60 /opt/truestudio/ARMTools/bin/../lib/gcc/arm-atollic-eabi/6.3.1/../../../../arm-atollic-eabi/lib/armv7e-m/fpu/libc_nano.a(lib_a-impure.o)
 .rodata._global_impure_ptr
                0x0000000000000000        0x4 /opt/truestudio/ARMTools/bin/../lib/gcc/arm-atollic-eabi/6.3.1/../../../../arm-atollic-eabi/lib/armv7e-m/fpu/libc_nano.a(lib_a-impure.o)
 .ARM.attributes
                0x0000000000000000       0x34 /opt/truestudio/ARMTools/bin/../lib/gcc/arm-atollic-eabi/6.3.1/../../../../arm-atollic-eabi/lib/armv7e-m/fpu/libc_nano.a(lib_a-impure.o)
 .text          0x0000000000000000        0x0 /opt/truestudio/ARMTools/bin/../lib/gcc/arm-atollic-eabi/6.3.1/../../../../arm-atollic-eabi/lib/armv7e-m/fpu/libc_nano.a(lib_a-init.o)
 .data          0x0000000000000000        0x0 /opt/truestudio/ARMTools/bin/../lib/gcc/arm-atollic-eabi/6.3.1/../../../../arm-atollic-eabi/lib/armv7e-m/fpu/libc_nano.a(lib_a-init.o)
 .bss           0x0000000000000000        0x0 /opt/truestudio/ARMTools/bin/../lib/gcc/arm-atollic-eabi/6.3.1/../../../../arm-atollic-eabi/lib/armv7e-m/fpu/libc_nano.a(lib_a-init.o)
 .text          0x0000000000000000        0x0 /opt/truestudio/ARMTools/bin/../lib/gcc/arm-atollic-eabi/6.3.1/../../../../arm-atollic-eabi/lib/armv7e-m/fpu/libc_nano.a(lib_a-memset.o)
 .data          0x0000000000000000        0x0 /opt/truestudio/ARMTools/bin/../lib/gcc/arm-atollic-eabi/6.3.1/../../../../arm-atollic-eabi/lib/armv7e-m/fpu/libc_nano.a(lib_a-memset.o)
 .bss           0x0000000000000000        0x0 /opt/truestudio/ARMTools/bin/../lib/gcc/arm-atollic-eabi/6.3.1/../../../../arm-atollic-eabi/lib/armv7e-m/fpu/libc_nano.a(lib_a-memset.o)
 .text          0x0000000000000000       0x18 /opt/truestudio/ARMTools/bin/../lib/gcc/arm-atollic-eabi/6.3.1/armv7e-m/fpu/libgcc.a(_lshrdi3.o)
 .data          0x0000000000000000        0x0 /opt/truestudio/ARMTools/bin/../lib/gcc/arm-atollic-eabi/6.3.1/armv7e-m/fpu/libgcc.a(_lshrdi3.o)
 .bss           0x0000000000000000        0x0 /opt/truestudio/ARMTools/bin/../lib/gcc/arm-atollic-eabi/6.3.1/armv7e-m/fpu/libgcc.a(_lshrdi3.o)
 .ARM.attributes
                0x0000000000000000       0x22 /opt/truestudio/ARMTools/bin/../lib/gcc/arm-atollic-eabi/6.3.1/armv7e-m/fpu/libgcc.a(_lshrdi3.o)
 .text          0x0000000000000000        0x0 /opt/truestudio/ARMTools/bin/../lib/gcc/arm-atollic-eabi/6.3.1/armv7e-m/fpu/crtend.o
 .data          0x0000000000000000        0x0 /opt/truestudio/ARMTools/bin/../lib/gcc/arm-atollic-eabi/6.3.1/armv7e-m/fpu/crtend.o
 .bss           0x0000000000000000        0x0 /opt/truestudio/ARMTools/bin/../lib/gcc/arm-atollic-eabi/6.3.1/armv7e-m/fpu/crtend.o
 .eh_frame      0x0000000000000000        0x4 /opt/truestudio/ARMTools/bin/../lib/gcc/arm-atollic-eabi/6.3.1/armv7e-m/fpu/crtend.o
 .ARM.attributes
                0x0000000000000000       0x34 /opt/truestudio/ARMTools/bin/../lib/gcc/arm-atollic-eabi/6.3.1/armv7e-m/fpu/crtend.o
 .text          0x0000000000000000        0x0 /opt/truestudio/ARMTools/bin/../lib/gcc/arm-atollic-eabi/6.3.1/armv7e-m/fpu/crtn.o
 .data          0x0000000000000000        0x0 /opt/truestudio/ARMTools/bin/../lib/gcc/arm-atollic-eabi/6.3.1/armv7e-m/fpu/crtn.o
 .bss           0x0000000000000000        0x0 /opt/truestudio/ARMTools/bin/../lib/gcc/arm-atollic-eabi/6.3.1/armv7e-m/fpu/crtn.o

Memory Configuration

Name             Origin             Length             Attributes
RAM              0x0000000020000000 0x0000000000003000 xrw
CCMRAM           0x0000000010000000 0x0000000000001000 rw
FLASH            0x0000000008000000 0x0000000000010000 xr
*default*        0x0000000000000000 0xffffffffffffffff

Linker script and memory map

LOAD /opt/truestudio/ARMTools/bin/../lib/gcc/arm-atollic-eabi/6.3.1/armv7e-m/fpu/crti.o
LOAD /opt/truestudio/ARMTools/bin/../lib/gcc/arm-atollic-eabi/6.3.1/armv7e-m/fpu/crtbegin.o
LOAD Drivers/STM32F3xx_HAL_Driver/Src/stm32f3xx_hal.o
LOAD Drivers/STM32F3xx_HAL_Driver/Src/stm32f3xx_hal_cortex.o
LOAD Drivers/STM32F3xx_HAL_Driver/Src/stm32f3xx_hal_dma.o
LOAD Drivers/STM32F3xx_HAL_Driver/Src/stm32f3xx_hal_flash.o
LOAD Drivers/STM32F3xx_HAL_Driver/Src/stm32f3xx_hal_flash_ex.o
LOAD Drivers/STM32F3xx_HAL_Driver/Src/stm32f3xx_hal_gpio.o
LOAD Drivers/STM32F3xx_HAL_Driver/Src/stm32f3xx_hal_i2c.o
LOAD Drivers/STM32F3xx_HAL_Driver/Src/stm32f3xx_hal_i2c_ex.o
LOAD Drivers/STM32F3xx_HAL_Driver/Src/stm32f3xx_hal_pwr.o
LOAD Drivers/STM32F3xx_HAL_Driver/Src/stm32f3xx_hal_pwr_ex.o
LOAD Drivers/STM32F3xx_HAL_Driver/Src/stm32f3xx_hal_rcc.o
LOAD Drivers/STM32F3xx_HAL_Driver/Src/stm32f3xx_hal_rcc_ex.o
LOAD Drivers/STM32F3xx_HAL_Driver/Src/stm32f3xx_hal_tim.o
LOAD Drivers/STM32F3xx_HAL_Driver/Src/stm32f3xx_hal_tim_ex.o
LOAD Drivers/STM32F3xx_HAL_Driver/Src/stm32f3xx_hal_uart.o
LOAD Drivers/STM32F3xx_HAL_Driver/Src/stm32f3xx_hal_uart_ex.o
LOAD Src/dwt_delay.o
LOAD Src/main.o
LOAD Src/stm32f3xx_hal_msp.o
LOAD Src/stm32f3xx_it.o
LOAD Src/syscalls.o
LOAD Src/system_stm32f3xx.o
LOAD startup/startup_stm32f334x8.o
                0x0000000000000080                malloc_getpagesize_P = 0x80
START GROUP
LOAD /opt/truestudio/ARMTools/bin/../lib/gcc/arm-atollic-eabi/6.3.1/../../../../arm-atollic-eabi/lib/armv7e-m/fpu/libc_nano.a
LOAD /opt/truestudio/ARMTools/bin/../lib/gcc/arm-atollic-eabi/6.3.1/../../../../arm-atollic-eabi/lib/armv7e-m/fpu/libm.a
END GROUP
START GROUP
LOAD /opt/truestudio/ARMTools/bin/../lib/gcc/arm-atollic-eabi/6.3.1/armv7e-m/fpu/libgcc.a
LOAD /opt/truestudio/ARMTools/bin/../lib/gcc/arm-atollic-eabi/6.3.1/../../../../arm-atollic-eabi/lib/armv7e-m/fpu/libc_nano.a
END GROUP
START GROUP
LOAD /opt/truestudio/ARMTools/bin/../lib/gcc/arm-atollic-eabi/6.3.1/armv7e-m/fpu/libgcc.a
LOAD /opt/truestudio/ARMTools/bin/../lib/gcc/arm-atollic-eabi/6.3.1/../../../../arm-atollic-eabi/lib/armv7e-m/fpu/libc_nano.a
LOAD /opt/truestudio/ARMTools/bin/../lib/gcc/arm-atollic-eabi/6.3.1/../../../../arm-atollic-eabi/lib/armv7e-m/fpu/libnosys.a
END GROUP
START GROUP
LOAD /opt/truestudio/ARMTools/bin/../lib/gcc/arm-atollic-eabi/6.3.1/armv7e-m/fpu/libgcc.a
LOAD /opt/truestudio/ARMTools/bin/../lib/gcc/arm-atollic-eabi/6.3.1/../../../../arm-atollic-eabi/lib/armv7e-m/fpu/libc_nano.a
LOAD /opt/truestudio/ARMTools/bin/../lib/gcc/arm-atollic-eabi/6.3.1/../../../../arm-atollic-eabi/lib/armv7e-m/fpu/libnosys.a
END GROUP
LOAD /opt/truestudio/ARMTools/bin/../lib/gcc/arm-atollic-eabi/6.3.1/armv7e-m/fpu/crtend.o
LOAD /opt/truestudio/ARMTools/bin/../lib/gcc/arm-atollic-eabi/6.3.1/armv7e-m/fpu/crtn.o
                0x0000000020003000                _estack = 0x20003000
                0x0000000000000200                _Min_Heap_Size = 0x200
                0x0000000000000400                _Min_Stack_Size = 0x400

.isr_vector     0x0000000008000000      0x188
                0x0000000008000000                . = ALIGN (0x4)
 *(.isr_vector)
 .isr_vector    0x0000000008000000      0x188 startup/startup_stm32f334x8.o
                0x0000000008000000                g_pfnVectors
                0x0000000008000188                . = ALIGN (0x4)

.text           0x0000000008000188     0x1318
                0x0000000008000188                . = ALIGN (0x4)
 *(.text)
 .text          0x0000000008000188       0x40 /opt/truestudio/ARMTools/bin/../lib/gcc/arm-atollic-eabi/6.3.1/armv7e-m/fpu/crtbegin.o
 *(.text*)
 .text.HAL_InitTick
                0x00000000080001c8       0x48 Drivers/STM32F3xx_HAL_Driver/Src/stm32f3xx_hal.o
                0x00000000080001c8                HAL_InitTick
 .text.HAL_Init
                0x0000000008000210       0x24 Drivers/STM32F3xx_HAL_Driver/Src/stm32f3xx_hal.o
                0x0000000008000210                HAL_Init
 .text.HAL_IncTick
                0x0000000008000234       0x18 Drivers/STM32F3xx_HAL_Driver/Src/stm32f3xx_hal.o
                0x0000000008000234                HAL_IncTick
 .text.HAL_GetTick
                0x000000000800024c        0xc Drivers/STM32F3xx_HAL_Driver/Src/stm32f3xx_hal.o
                0x000000000800024c                HAL_GetTick
 .text.HAL_Delay
                0x0000000008000258       0x28 Drivers/STM32F3xx_HAL_Driver/Src/stm32f3xx_hal.o
                0x0000000008000258                HAL_Delay
 .text.HAL_NVIC_SetPriorityGrouping
                0x0000000008000280       0x24 Drivers/STM32F3xx_HAL_Driver/Src/stm32f3xx_hal_cortex.o
                0x0000000008000280                HAL_NVIC_SetPriorityGrouping
 .text.HAL_NVIC_SetPriority
                0x00000000080002a4       0x68 Drivers/STM32F3xx_HAL_Driver/Src/stm32f3xx_hal_cortex.o
                0x00000000080002a4                HAL_NVIC_SetPriority
 .text.HAL_SYSTICK_Config
                0x000000000800030c       0x2c Drivers/STM32F3xx_HAL_Driver/Src/stm32f3xx_hal_cortex.o
                0x000000000800030c                HAL_SYSTICK_Config
 .text.HAL_GPIO_Init
                0x0000000008000338      0x174 Drivers/STM32F3xx_HAL_Driver/Src/stm32f3xx_hal_gpio.o
                0x0000000008000338                HAL_GPIO_Init
 .text.HAL_GPIO_ReadPin
                0x00000000080004ac        0xc Drivers/STM32F3xx_HAL_Driver/Src/stm32f3xx_hal_gpio.o
                0x00000000080004ac                HAL_GPIO_ReadPin
 .text.HAL_GPIO_WritePin
                0x00000000080004b8        0xa Drivers/STM32F3xx_HAL_Driver/Src/stm32f3xx_hal_gpio.o
                0x00000000080004b8                HAL_GPIO_WritePin
 *fill*         0x00000000080004c2        0x2 
 .text.HAL_RCC_OscConfig
                0x00000000080004c4      0x4ec Drivers/STM32F3xx_HAL_Driver/Src/stm32f3xx_hal_rcc.o
                0x00000000080004c4                HAL_RCC_OscConfig
 .text.HAL_RCC_GetSysClockFreq
                0x00000000080009b0       0x64 Drivers/STM32F3xx_HAL_Driver/Src/stm32f3xx_hal_rcc.o
                0x00000000080009b0                HAL_RCC_GetSysClockFreq
 .text.HAL_RCC_ClockConfig
                0x0000000008000a14      0x154 Drivers/STM32F3xx_HAL_Driver/Src/stm32f3xx_hal_rcc.o
                0x0000000008000a14                HAL_RCC_ClockConfig
 .text.HAL_RCC_GetHCLKFreq
                0x0000000008000b68        0xc Drivers/STM32F3xx_HAL_Driver/Src/stm32f3xx_hal_rcc.o
                0x0000000008000b68                HAL_RCC_GetHCLKFreq
 .text.HAL_RCC_GetPCLK1Freq
                0x0000000008000b74       0x30 Drivers/STM32F3xx_HAL_Driver/Src/stm32f3xx_hal_rcc.o
                0x0000000008000b74                HAL_RCC_GetPCLK1Freq
 .text.HAL_RCC_GetPCLK2Freq
                0x0000000008000ba4       0x30 Drivers/STM32F3xx_HAL_Driver/Src/stm32f3xx_hal_rcc.o
                0x0000000008000ba4                HAL_RCC_GetPCLK2Freq
 .text.UART_SetConfig
                0x0000000008000bd4      0x14c Drivers/STM32F3xx_HAL_Driver/Src/stm32f3xx_hal_uart.o
                0x0000000008000bd4                UART_SetConfig
 .text.UART_AdvFeatureConfig
                0x0000000008000d20       0xa8 Drivers/STM32F3xx_HAL_Driver/Src/stm32f3xx_hal_uart.o
                0x0000000008000d20                UART_AdvFeatureConfig
 .text.UART_WaitOnFlagUntilTimeout
                0x0000000008000dc8       0x62 Drivers/STM32F3xx_HAL_Driver/Src/stm32f3xx_hal_uart.o
                0x0000000008000dc8                UART_WaitOnFlagUntilTimeout
 .text.HAL_UART_Transmit
                0x0000000008000e2a       0xb2 Drivers/STM32F3xx_HAL_Driver/Src/stm32f3xx_hal_uart.o
                0x0000000008000e2a                HAL_UART_Transmit
 .text.UART_CheckIdleState
                0x0000000008000edc       0x64 Drivers/STM32F3xx_HAL_Driver/Src/stm32f3xx_hal_uart.o
                0x0000000008000edc                UART_CheckIdleState
 .text.HAL_UART_Init
                0x0000000008000f40       0x64 Drivers/STM32F3xx_HAL_Driver/Src/stm32f3xx_hal_uart.o
                0x0000000008000f40                HAL_UART_Init
 .text.DWT_Delay_Init
                0x0000000008000fa4       0x40 Src/dwt_delay.o
                0x0000000008000fa4                DWT_Delay_Init
 .text.DWT_Delay_us
                0x0000000008000fe4       0x30 Src/main.o
 .text.set_gpio_output
                0x0000000008001014       0x20 Src/main.o
                0x0000000008001014                set_gpio_output
 .text.set_gpio_input
                0x0000000008001034       0x1c Src/main.o
                0x0000000008001034                set_gpio_input
 .text.DHT11_start
                0x0000000008001050       0x24 Src/main.o
                0x0000000008001050                DHT11_start
 .text.check_response
                0x0000000008001074       0x48 Src/main.o
                0x0000000008001074                check_response
 .text.read_data
                0x00000000080010bc       0x52 Src/main.o
                0x00000000080010bc                read_data
 .text.SystemClock_Config
                0x000000000800110e       0x50 Src/main.o
                0x000000000800110e                SystemClock_Config
 *fill*         0x000000000800115e        0x2 
 .text.startup.main
                0x0000000008001160      0x164 Src/main.o
                0x0000000008001160                main
 .text.HAL_MspInit
                0x00000000080012c4       0x38 Src/stm32f3xx_hal_msp.o
                0x00000000080012c4                HAL_MspInit
 .text.HAL_UART_MspInit
                0x00000000080012fc       0x64 Src/stm32f3xx_hal_msp.o
                0x00000000080012fc                HAL_UART_MspInit
 .text.NMI_Handler
                0x0000000008001360        0x2 Src/stm32f3xx_it.o
                0x0000000008001360                NMI_Handler
 .text.HardFault_Handler
                0x0000000008001362        0x2 Src/stm32f3xx_it.o
                0x0000000008001362                HardFault_Handler
 .text.MemManage_Handler
                0x0000000008001364        0x2 Src/stm32f3xx_it.o
                0x0000000008001364                MemManage_Handler
 .text.BusFault_Handler
                0x0000000008001366        0x2 Src/stm32f3xx_it.o
                0x0000000008001366                BusFault_Handler
 .text.UsageFault_Handler
                0x0000000008001368        0x2 Src/stm32f3xx_it.o
                0x0000000008001368                UsageFault_Handler
 .text.SVC_Handler
                0x000000000800136a        0x2 Src/stm32f3xx_it.o
                0x000000000800136a                SVC_Handler
 .text.DebugMon_Handler
                0x000000000800136c        0x2 Src/stm32f3xx_it.o
                0x000000000800136c                DebugMon_Handler
 .text.PendSV_Handler
                0x000000000800136e        0x2 Src/stm32f3xx_it.o
                0x000000000800136e                PendSV_Handler
 .text.SysTick_Handler
                0x0000000008001370        0x4 Src/stm32f3xx_it.o
                0x0000000008001370                SysTick_Handler
 .text.SystemInit
                0x0000000008001374       0x68 Src/system_stm32f3xx.o
                0x0000000008001374                SystemInit
 .text.Reset_Handler
                0x00000000080013dc       0x50 startup/startup_stm32f334x8.o
                0x00000000080013dc                Reset_Handler
 .text.Default_Handler
                0x000000000800142c        0x2 startup/startup_stm32f334x8.o
                0x000000000800142c                RTC_Alarm_IRQHandler
                0x000000000800142c                HRTIM1_Master_IRQHandler
                0x000000000800142c                TIM1_CC_IRQHandler
                0x000000000800142c                HRTIM1_FLT_IRQHandler
                0x000000000800142c                PVD_IRQHandler
                0x000000000800142c                HRTIM1_TIMD_IRQHandler
                0x000000000800142c                TAMP_STAMP_IRQHandler
                0x000000000800142c                EXTI3_IRQHandler
                0x000000000800142c                EXTI0_IRQHandler
                0x000000000800142c                FPU_IRQHandler
                0x000000000800142c                CAN_TX_IRQHandler
                0x000000000800142c                TIM1_UP_TIM16_IRQHandler
                0x000000000800142c                ADC1_2_IRQHandler
                0x000000000800142c                HRTIM1_TIME_IRQHandler
                0x000000000800142c                SPI1_IRQHandler
                0x000000000800142c                CAN_SCE_IRQHandler
                0x000000000800142c                HRTIM1_TIMC_IRQHandler
                0x000000000800142c                DMA1_Channel4_IRQHandler
                0x000000000800142c                USART3_IRQHandler
                0x000000000800142c                DMA1_Channel7_IRQHandler
                0x000000000800142c                TIM7_DAC2_IRQHandler
                0x000000000800142c                CAN_RX1_IRQHandler
                0x000000000800142c                I2C1_EV_IRQHandler
                0x000000000800142c                DMA1_Channel6_IRQHandler
                0x000000000800142c                TIM3_IRQHandler
                0x000000000800142c                RCC_IRQHandler
                0x000000000800142c                DMA1_Channel1_IRQHandler
                0x000000000800142c                Default_Handler
                0x000000000800142c                EXTI15_10_IRQHandler
                0x000000000800142c                COMP2_IRQHandler
                0x000000000800142c                HRTIM1_TIMA_IRQHandler
                0x000000000800142c                TIM6_DAC1_IRQHandler
                0x000000000800142c                EXTI9_5_IRQHandler
                0x000000000800142c                RTC_WKUP_IRQHandler
                0x000000000800142c                DMA1_Channel5_IRQHandler
                0x000000000800142c                EXTI4_IRQHandler
                0x000000000800142c                HRTIM1_TIMB_IRQHandler
                0x000000000800142c                TIM1_TRG_COM_TIM17_IRQHandler
                0x000000000800142c                DMA1_Channel3_IRQHandler
                0x000000000800142c                WWDG_IRQHandler
                0x000000000800142c                TIM2_IRQHandler
                0x000000000800142c                EXTI1_IRQHandler
                0x000000000800142c                COMP4_6_IRQHandler
                0x000000000800142c                USART2_IRQHandler
                0x000000000800142c                DMA1_Channel2_IRQHandler
                0x000000000800142c                FLASH_IRQHandler
                0x000000000800142c                USART1_IRQHandler
                0x000000000800142c                CAN_RX0_IRQHandler
                0x000000000800142c                I2C1_ER_IRQHandler
                0x000000000800142c                EXTI2_TSC_IRQHandler
                0x000000000800142c                TIM1_BRK_TIM15_IRQHandler
 *fill*         0x000000000800142e        0x2 
 .text.__libc_init_array
                0x0000000008001430       0x48 /opt/truestudio/ARMTools/bin/../lib/gcc/arm-atollic-eabi/6.3.1/../../../../arm-atollic-eabi/lib/armv7e-m/fpu/libc_nano.a(lib_a-init.o)
                0x0000000008001430                __libc_init_array
 .text.memset   0x0000000008001478       0x10 /opt/truestudio/ARMTools/bin/../lib/gcc/arm-atollic-eabi/6.3.1/../../../../arm-atollic-eabi/lib/armv7e-m/fpu/libc_nano.a(lib_a-memset.o)
                0x0000000008001478                memset
 *(.glue_7)
 .glue_7        0x0000000008001488        0x0 linker stubs
 *(.glue_7t)
 .glue_7t       0x0000000008001488        0x0 linker stubs
 *(.eh_frame)
 .eh_frame      0x0000000008001488        0x0 /opt/truestudio/ARMTools/bin/../lib/gcc/arm-atollic-eabi/6.3.1/armv7e-m/fpu/crtbegin.o
 *(.init)
 .init          0x0000000008001488        0x4 /opt/truestudio/ARMTools/bin/../lib/gcc/arm-atollic-eabi/6.3.1/armv7e-m/fpu/crti.o
                0x0000000008001488                _init
 .init          0x000000000800148c        0x8 /opt/truestudio/ARMTools/bin/../lib/gcc/arm-atollic-eabi/6.3.1/armv7e-m/fpu/crtn.o
 *(.fini)
 .fini          0x0000000008001494        0x4 /opt/truestudio/ARMTools/bin/../lib/gcc/arm-atollic-eabi/6.3.1/armv7e-m/fpu/crti.o
                0x0000000008001494                _fini
 .fini          0x0000000008001498        0x8 /opt/truestudio/ARMTools/bin/../lib/gcc/arm-atollic-eabi/6.3.1/armv7e-m/fpu/crtn.o
                0x00000000080014a0                . = ALIGN (0x4)
                0x00000000080014a0                _etext = .

.vfp11_veneer   0x00000000080014a0        0x0
 .vfp11_veneer  0x00000000080014a0        0x0 linker stubs

.v4_bx          0x00000000080014a0        0x0
 .v4_bx         0x00000000080014a0        0x0 linker stubs

.iplt           0x00000000080014a0        0x0
 .iplt          0x00000000080014a0        0x0 /opt/truestudio/ARMTools/bin/../lib/gcc/arm-atollic-eabi/6.3.1/armv7e-m/fpu/crtbegin.o

.rodata         0x00000000080014a0       0x3c
                0x00000000080014a0                . = ALIGN (0x4)
 *(.rodata)
 *(.rodata*)
 .rodata.aPLLMULFactorTable
                0x00000000080014a0       0x10 Drivers/STM32F3xx_HAL_Driver/Src/stm32f3xx_hal_rcc.o
                0x00000000080014a0                aPLLMULFactorTable
 .rodata.aPredivFactorTable
                0x00000000080014b0       0x10 Drivers/STM32F3xx_HAL_Driver/Src/stm32f3xx_hal_rcc.o
                0x00000000080014b0                aPredivFactorTable
 .rodata.CSWTCH.45
                0x00000000080014c0        0x4 Drivers/STM32F3xx_HAL_Driver/Src/stm32f3xx_hal_uart.o
 .rodata.AHBPrescTable
                0x00000000080014c4       0x10 Src/system_stm32f3xx.o
                0x00000000080014c4                AHBPrescTable
 .rodata.APBPrescTable
                0x00000000080014d4        0x8 Src/system_stm32f3xx.o
                0x00000000080014d4                APBPrescTable
                0x00000000080014dc                . = ALIGN (0x4)

.rel.dyn        0x00000000080014dc        0x0
 .rel.iplt      0x00000000080014dc        0x0 /opt/truestudio/ARMTools/bin/../lib/gcc/arm-atollic-eabi/6.3.1/armv7e-m/fpu/crtbegin.o

.ARM.extab
 *(.ARM.extab* .gnu.linkonce.armextab.*)

.ARM            0x00000000080014dc        0x0
                0x00000000080014dc                __exidx_start = .
 *(.ARM.exidx*)
                0x00000000080014dc                __exidx_end = .

.preinit_array  0x00000000080014dc        0x0
                0x00000000080014dc                PROVIDE (__preinit_array_start, .)
 *(.preinit_array*)
                0x00000000080014dc                PROVIDE (__preinit_array_end, .)

.init_array     0x00000000080014dc        0x4
                0x00000000080014dc                PROVIDE (__init_array_start, .)
 *(SORT(.init_array.*))
 *(.init_array*)
 .init_array    0x00000000080014dc        0x4 /opt/truestudio/ARMTools/bin/../lib/gcc/arm-atollic-eabi/6.3.1/armv7e-m/fpu/crtbegin.o
                0x00000000080014e0                PROVIDE (__init_array_end, .)

.fini_array     0x00000000080014e0        0x4
                [!provide]                        PROVIDE (__fini_array_start, .)
 *(SORT(.fini_array.*))
 *(.fini_array*)
 .fini_array    0x00000000080014e0        0x4 /opt/truestudio/ARMTools/bin/../lib/gcc/arm-atollic-eabi/6.3.1/armv7e-m/fpu/crtbegin.o
                [!provide]                        PROVIDE (__fini_array_end, .)
                0x00000000080014e4                _sidata = LOADADDR (.data)

.data           0x0000000020000000        0xc load address 0x00000000080014e4
                0x0000000020000000                . = ALIGN (0x4)
                0x0000000020000000                _sdata = .
 *(.data)
 *(.data*)
 .data.uwTickFreq
                0x0000000020000000        0x1 Drivers/STM32F3xx_HAL_Driver/Src/stm32f3xx_hal.o
                0x0000000020000000                uwTickFreq
 *fill*         0x0000000020000001        0x3 
 .data.uwTickPrio
                0x0000000020000004        0x4 Drivers/STM32F3xx_HAL_Driver/Src/stm32f3xx_hal.o
                0x0000000020000004                uwTickPrio
 .data.SystemCoreClock
                0x0000000020000008        0x4 Src/system_stm32f3xx.o
                0x0000000020000008                SystemCoreClock
                0x000000002000000c                . = ALIGN (0x4)
                0x000000002000000c                _edata = .
                0x00000000080014f0                _siccmram = LOADADDR (.ccmram)

.igot.plt       0x000000002000000c        0x0 load address 0x00000000080014f0
 .igot.plt      0x000000002000000c        0x0 /opt/truestudio/ARMTools/bin/../lib/gcc/arm-atollic-eabi/6.3.1/armv7e-m/fpu/crtbegin.o

.ccmram         0x0000000010000000        0x0 load address 0x00000000080014f0
                0x0000000010000000                . = ALIGN (0x4)
                0x0000000010000000                _sccmram = .
 *(.ccmram)
 *(.ccmram*)
                0x0000000010000000                . = ALIGN (0x4)
                0x0000000010000000                _eccmram = .
                0x0000000010000000                . = ALIGN (0x4)

.bss            0x000000002000000c       0xb4
                0x000000002000000c                _sbss = .
                0x000000002000000c                __bss_start__ = _sbss
 *(.bss)
 .bss           0x000000002000000c       0x1c /opt/truestudio/ARMTools/bin/../lib/gcc/arm-atollic-eabi/6.3.1/armv7e-m/fpu/crtbegin.o
 *(.bss*)
 *(COMMON)
 COMMON         0x0000000020000028        0x4 Drivers/STM32F3xx_HAL_Driver/Src/stm32f3xx_hal.o
                0x0000000020000028                uwTick
 COMMON         0x000000002000002c       0x92 Src/main.o
                0x000000002000002c                rhi
                0x000000002000002d                rhd
                0x000000002000002e                data
                0x0000000020000034                GPIO_InitStruct
                0x0000000020000048                chksum
                0x000000002000004c                huart2
                0x00000000200000bc                ti
                0x00000000200000bd                td
                0x00000000200000c0                . = ALIGN (0x4)
 *fill*         0x00000000200000be        0x2 
                0x00000000200000c0                _ebss = .
                0x00000000200000c0                __bss_end__ = _ebss

._user_heap_stack
                0x00000000200000c0      0x600
                0x00000000200000c0                . = ALIGN (0x4)
                0x00000000200000c0                PROVIDE (end, .)
                [!provide]                        PROVIDE (_end, .)
                0x00000000200002c0                . = (. + _Min_Heap_Size)
 *fill*         0x00000000200000c0      0x200 
                0x00000000200006c0                . = (. + _Min_Stack_Size)
 *fill*         0x00000000200002c0      0x400 
                0x00000000200006c0                . = ALIGN (0x4)

/DISCARD/
 libc.a(*)
 libm.a(*)
 libgcc.a(*)

.ARM.attributes
                0x0000000000000000       0x30
 *(.ARM.attributes)
 .ARM.attributes
                0x0000000000000000       0x22 /opt/truestudio/ARMTools/bin/../lib/gcc/arm-atollic-eabi/6.3.1/armv7e-m/fpu/crti.o
 .ARM.attributes
                0x0000000000000022       0x34 /opt/truestudio/ARMTools/bin/../lib/gcc/arm-atollic-eabi/6.3.1/armv7e-m/fpu/crtbegin.o
 .ARM.attributes
                0x0000000000000056       0x39 Drivers/STM32F3xx_HAL_Driver/Src/stm32f3xx_hal.o
 .ARM.attributes
                0x000000000000008f       0x39 Drivers/STM32F3xx_HAL_Driver/Src/stm32f3xx_hal_cortex.o
 .ARM.attributes
                0x00000000000000c8       0x39 Drivers/STM32F3xx_HAL_Driver/Src/stm32f3xx_hal_gpio.o
 .ARM.attributes
                0x0000000000000101       0x39 Drivers/STM32F3xx_HAL_Driver/Src/stm32f3xx_hal_rcc.o
 .ARM.attributes
                0x000000000000013a       0x39 Drivers/STM32F3xx_HAL_Driver/Src/stm32f3xx_hal_uart.o
 .ARM.attributes
                0x0000000000000173       0x39 Src/dwt_delay.o
 .ARM.attributes
                0x00000000000001ac       0x39 Src/main.o
 .ARM.attributes
                0x00000000000001e5       0x39 Src/stm32f3xx_hal_msp.o
 .ARM.attributes
                0x000000000000021e       0x39 Src/stm32f3xx_it.o
 .ARM.attributes
                0x0000000000000257       0x39 Src/system_stm32f3xx.o
 .ARM.attributes
                0x0000000000000290       0x21 startup/startup_stm32f334x8.o
 .ARM.attributes
                0x00000000000002b1       0x34 /opt/truestudio/ARMTools/bin/../lib/gcc/arm-atollic-eabi/6.3.1/../../../../arm-atollic-eabi/lib/armv7e-m/fpu/libc_nano.a(lib_a-init.o)
 .ARM.attributes
                0x00000000000002e5       0x34 /opt/truestudio/ARMTools/bin/../lib/gcc/arm-atollic-eabi/6.3.1/../../../../arm-atollic-eabi/lib/armv7e-m/fpu/libc_nano.a(lib_a-memset.o)
 .ARM.attributes
                0x0000000000000319       0x22 /opt/truestudio/ARMTools/bin/../lib/gcc/arm-atollic-eabi/6.3.1/armv7e-m/fpu/crtn.o
OUTPUT(DHT11 - STM32.elf elf32-littlearm)

.debug_info     0x0000000000000000     0xc120
 .debug_info    0x0000000000000000     0x1054 Drivers/STM32F3xx_HAL_Driver/Src/stm32f3xx_hal.o
 .debug_info    0x0000000000001054     0x14e8 Drivers/STM32F3xx_HAL_Driver/Src/stm32f3xx_hal_cortex.o
 .debug_info    0x000000000000253c      0xfec Drivers/STM32F3xx_HAL_Driver/Src/stm32f3xx_hal_gpio.o
 .debug_info    0x0000000000003528     0x1bc7 Drivers/STM32F3xx_HAL_Driver/Src/stm32f3xx_hal_rcc.o
 .debug_info    0x00000000000050ef     0x2275 Drivers/STM32F3xx_HAL_Driver/Src/stm32f3xx_hal_uart.o
 .debug_info    0x0000000000007364      0xb3d Src/dwt_delay.o
 .debug_info    0x0000000000007ea1     0x19b0 Src/main.o
 .debug_info    0x0000000000009851     0x11b6 Src/stm32f3xx_hal_msp.o
 .debug_info    0x000000000000aa07      0xa23 Src/stm32f3xx_it.o
 .debug_info    0x000000000000b42a      0xc74 Src/system_stm32f3xx.o
 .debug_info    0x000000000000c09e       0x82 startup/startup_stm32f334x8.o

.debug_abbrev   0x0000000000000000     0x1a94
 .debug_abbrev  0x0000000000000000      0x2f5 Drivers/STM32F3xx_HAL_Driver/Src/stm32f3xx_hal.o
 .debug_abbrev  0x00000000000002f5      0x374 Drivers/STM32F3xx_HAL_Driver/Src/stm32f3xx_hal_cortex.o
 .debug_abbrev  0x0000000000000669      0x268 Drivers/STM32F3xx_HAL_Driver/Src/stm32f3xx_hal_gpio.o
 .debug_abbrev  0x00000000000008d1      0x358 Drivers/STM32F3xx_HAL_Driver/Src/stm32f3xx_hal_rcc.o
 .debug_abbrev  0x0000000000000c29      0x384 Drivers/STM32F3xx_HAL_Driver/Src/stm32f3xx_hal_uart.o
 .debug_abbrev  0x0000000000000fad      0x19f Src/dwt_delay.o
 .debug_abbrev  0x000000000000114c      0x33a Src/main.o
 .debug_abbrev  0x0000000000001486      0x221 Src/stm32f3xx_hal_msp.o
 .debug_abbrev  0x00000000000016a7      0x1f9 Src/stm32f3xx_it.o
 .debug_abbrev  0x00000000000018a0      0x1e2 Src/system_stm32f3xx.o
 .debug_abbrev  0x0000000000001a82       0x12 startup/startup_stm32f334x8.o

.debug_loc      0x0000000000000000     0x27c1
 .debug_loc     0x0000000000000000      0x11b Drivers/STM32F3xx_HAL_Driver/Src/stm32f3xx_hal.o
 .debug_loc     0x000000000000011b      0x4da Drivers/STM32F3xx_HAL_Driver/Src/stm32f3xx_hal_cortex.o
 .debug_loc     0x00000000000005f5      0x2ba Drivers/STM32F3xx_HAL_Driver/Src/stm32f3xx_hal_gpio.o
 .debug_loc     0x00000000000008af      0x8ea Drivers/STM32F3xx_HAL_Driver/Src/stm32f3xx_hal_rcc.o
 .debug_loc     0x0000000000001199     0x146f Drivers/STM32F3xx_HAL_Driver/Src/stm32f3xx_hal_uart.o
 .debug_loc     0x0000000000002608       0x7f Src/main.o
 .debug_loc     0x0000000000002687       0x58 Src/stm32f3xx_hal_msp.o
 .debug_loc     0x00000000000026df       0xe2 Src/system_stm32f3xx.o

.debug_aranges  0x0000000000000000      0x530
 .debug_aranges
                0x0000000000000000       0xd8 Drivers/STM32F3xx_HAL_Driver/Src/stm32f3xx_hal.o
 .debug_aranges
                0x00000000000000d8       0x90 Drivers/STM32F3xx_HAL_Driver/Src/stm32f3xx_hal_cortex.o
 .debug_aranges
                0x0000000000000168       0x58 Drivers/STM32F3xx_HAL_Driver/Src/stm32f3xx_hal_gpio.o
 .debug_aranges
                0x00000000000001c0       0x88 Drivers/STM32F3xx_HAL_Driver/Src/stm32f3xx_hal_rcc.o
 .debug_aranges
                0x0000000000000248      0x1a0 Drivers/STM32F3xx_HAL_Driver/Src/stm32f3xx_hal_uart.o
 .debug_aranges
                0x00000000000003e8       0x20 Src/dwt_delay.o
 .debug_aranges
                0x0000000000000408       0x60 Src/main.o
 .debug_aranges
                0x0000000000000468       0x30 Src/stm32f3xx_hal_msp.o
 .debug_aranges
                0x0000000000000498       0x48 Src/stm32f3xx_it.o
 .debug_aranges
                0x00000000000004e0       0x28 Src/system_stm32f3xx.o
 .debug_aranges
                0x0000000000000508       0x28 startup/startup_stm32f334x8.o

.debug_ranges   0x0000000000000000      0x758
 .debug_ranges  0x0000000000000000       0xc8 Drivers/STM32F3xx_HAL_Driver/Src/stm32f3xx_hal.o
 .debug_ranges  0x00000000000000c8      0x120 Drivers/STM32F3xx_HAL_Driver/Src/stm32f3xx_hal_cortex.o
 .debug_ranges  0x00000000000001e8       0x68 Drivers/STM32F3xx_HAL_Driver/Src/stm32f3xx_hal_gpio.o
 .debug_ranges  0x0000000000000250      0x1d8 Drivers/STM32F3xx_HAL_Driver/Src/stm32f3xx_hal_rcc.o
 .debug_ranges  0x0000000000000428      0x190 Drivers/STM32F3xx_HAL_Driver/Src/stm32f3xx_hal_uart.o
 .debug_ranges  0x00000000000005b8       0x10 Src/dwt_delay.o
 .debug_ranges  0x00000000000005c8       0xb8 Src/main.o
 .debug_ranges  0x0000000000000680       0x68 Src/stm32f3xx_hal_msp.o
 .debug_ranges  0x00000000000006e8       0x38 Src/stm32f3xx_it.o
 .debug_ranges  0x0000000000000720       0x18 Src/system_stm32f3xx.o
 .debug_ranges  0x0000000000000738       0x20 startup/startup_stm32f334x8.o

.debug_line     0x0000000000000000     0x2d91
 .debug_line    0x0000000000000000      0x3ff Drivers/STM32F3xx_HAL_Driver/Src/stm32f3xx_hal.o
 .debug_line    0x00000000000003ff      0x3df Drivers/STM32F3xx_HAL_Driver/Src/stm32f3xx_hal_cortex.o
 .debug_line    0x00000000000007de      0x3ee Drivers/STM32F3xx_HAL_Driver/Src/stm32f3xx_hal_gpio.o
 .debug_line    0x0000000000000bcc      0x7f3 Drivers/STM32F3xx_HAL_Driver/Src/stm32f3xx_hal_rcc.o
 .debug_line    0x00000000000013bf      0xc94 Drivers/STM32F3xx_HAL_Driver/Src/stm32f3xx_hal_uart.o
 .debug_line    0x0000000000002053      0x1eb Src/dwt_delay.o
 .debug_line    0x000000000000223e      0x3b6 Src/main.o
 .debug_line    0x00000000000025f4      0x2af Src/stm32f3xx_hal_msp.o
 .debug_line    0x00000000000028a3      0x236 Src/stm32f3xx_it.o
 .debug_line    0x0000000000002ad9      0x239 Src/system_stm32f3xx.o
 .debug_line    0x0000000000002d12       0x7f startup/startup_stm32f334x8.o

.debug_str      0x0000000000000000     0x22e9
 .debug_str     0x0000000000000000      0xcb9 Drivers/STM32F3xx_HAL_Driver/Src/stm32f3xx_hal.o
                                        0xd60 (size before relaxing)
 .debug_str     0x0000000000000cb9      0x2e1 Drivers/STM32F3xx_HAL_Driver/Src/stm32f3xx_hal_cortex.o
                                        0xe51 (size before relaxing)
 .debug_str     0x0000000000000f9a      0x242 Drivers/STM32F3xx_HAL_Driver/Src/stm32f3xx_hal_gpio.o
                                        0x9d1 (size before relaxing)
 .debug_str     0x00000000000011dc      0x315 Drivers/STM32F3xx_HAL_Driver/Src/stm32f3xx_hal_rcc.o
                                        0xb3e (size before relaxing)
 .debug_str     0x00000000000014f1      0xb13 Drivers/STM32F3xx_HAL_Driver/Src/stm32f3xx_hal_uart.o
                                       0x1353 (size before relaxing)
 .debug_str     0x0000000000002004       0xdc Src/dwt_delay.o
                                        0x7af (size before relaxing)
 .debug_str     0x00000000000020e0       0xee Src/main.o
                                        0xf62 (size before relaxing)
 .debug_str     0x00000000000021ce       0x1b Src/stm32f3xx_hal_msp.o
                                        0xc71 (size before relaxing)
 .debug_str     0x00000000000021e9       0xa6 Src/stm32f3xx_it.o
                                        0x762 (size before relaxing)
 .debug_str     0x000000000000228f       0x5a Src/system_stm32f3xx.o
                                        0x7bb (size before relaxing)

.comment        0x0000000000000000       0x7c
 .comment       0x0000000000000000       0x7c Drivers/STM32F3xx_HAL_Driver/Src/stm32f3xx_hal.o
                                         0x7d (size before relaxing)
 .comment       0x000000000000007c       0x7d Drivers/STM32F3xx_HAL_Driver/Src/stm32f3xx_hal_cortex.o
 .comment       0x000000000000007c       0x7d Drivers/STM32F3xx_HAL_Driver/Src/stm32f3xx_hal_gpio.o
 .comment       0x000000000000007c       0x7d Drivers/STM32F3xx_HAL_Driver/Src/stm32f3xx_hal_rcc.o
 .comment       0x000000000000007c       0x7d Drivers/STM32F3xx_HAL_Driver/Src/stm32f3xx_hal_uart.o
 .comment       0x000000000000007c       0x7d Src/dwt_delay.o
 .comment       0x000000000000007c       0x7d Src/main.o
 .comment       0x000000000000007c       0x7d Src/stm32f3xx_hal_msp.o
 .comment       0x000000000000007c       0x7d Src/stm32f3xx_it.o
 .comment       0x000000000000007c       0x7d Src/system_stm32f3xx.o

.debug_frame    0x0000000000000000      0xcfc
 .debug_frame   0x0000000000000000      0x1d0 Drivers/STM32F3xx_HAL_Driver/Src/stm32f3xx_hal.o
 .debug_frame   0x00000000000001d0      0x120 Drivers/STM32F3xx_HAL_Driver/Src/stm32f3xx_hal_cortex.o
 .debug_frame   0x00000000000002f0       0xd8 Drivers/STM32F3xx_HAL_Driver/Src/stm32f3xx_hal_gpio.o
 .debug_frame   0x00000000000003c8      0x14c Drivers/STM32F3xx_HAL_Driver/Src/stm32f3xx_hal_rcc.o
 .debug_frame   0x0000000000000514      0x568 Drivers/STM32F3xx_HAL_Driver/Src/stm32f3xx_hal_uart.o
 .debug_frame   0x0000000000000a7c       0x20 Src/dwt_delay.o
 .debug_frame   0x0000000000000a9c       0xe4 Src/main.o
 .debug_frame   0x0000000000000b80       0x58 Src/stm32f3xx_hal_msp.o
 .debug_frame   0x0000000000000bd8       0xa0 Src/stm32f3xx_it.o
 .debug_frame   0x0000000000000c78       0x38 Src/system_stm32f3xx.o
 .debug_frame   0x0000000000000cb0       0x2c /opt/truestudio/ARMTools/bin/../lib/gcc/arm-atollic-eabi/6.3.1/../../../../arm-atollic-eabi/lib/armv7e-m/fpu/libc_nano.a(lib_a-init.o)
 .debug_frame   0x0000000000000cdc       0x20 /opt/truestudio/ARMTools/bin/../lib/gcc/arm-atollic-eabi/6.3.1/../../../../arm-atollic-eabi/lib/armv7e-m/fpu/libc_nano.a(lib_a-memset.o)
